Component: ARM Compiler 5.05 update 2 (build 169) Tool: armlink [4d0f33]

==============================================================================

Section Cross References

    main.o(.text) refers to stm32f10x_usart.o(.text) for USART_Init
    main.o(.text) refers to misc.o(.text) for NVIC_PriorityGroupConfig
    main.o(.text) refers to stm32f10x_gpio.o(.text) for GPIO_Init
    main.o(.text) refers to stm32f10x_rcc.o(.text) for RCC_APB2PeriphClockCmd
    main.o(.text) refers to delay.o(.text) for delay_init
    main.o(.text) refers to usart.o(.text) for uart_init
    main.o(.text) refers to hx711.o(.text) for Init_HX711pin
    main.o(.text) refers to printf1.o(i.__0printf$1) for __2printf
    main.o(.text) refers to bt05.o(.text) for BT05_Init
    main.o(.text) refers to ffltui.o(.text) for __aeabi_ui2f
    main.o(.text) refers to fdiv.o(.text) for __aeabi_fdiv
    main.o(.text) refers to filter.o(.text) for Filter
    main.o(.text) refers to f2d.o(.text) for __aeabi_f2d
    main.o(.text) refers to usart2.o(.text) for u2_printf
    main.o(.text) refers to main.o(.constdata) for .constdata
    bt05.o(.text) refers to stm32f10x_rcc.o(.text) for RCC_APB2PeriphClockCmd
    bt05.o(.text) refers to stm32f10x_gpio.o(.text) for GPIO_Init
    bt05.o(.text) refers to usart2.o(.text) for USART2_Init
    bt05.o(.text) refers to delay.o(.text) for delay_ms
    bt05.o(.text) refers to printf1.o(i.__0printf$1) for __2printf
    bt05.o(.text) refers to usart2.o(.data) for USART2_RX_STA
    bt05.o(.text) refers to usart2.o(.bss) for USART2_RX_BUF
    mydefine.o(.text) refers to stm32f10x_usart.o(.text) for USART_SendData
    hx711.o(.text) refers to stm32f10x_rcc.o(.text) for RCC_APB2PeriphClockCmd
    hx711.o(.text) refers to stm32f10x_gpio.o(.text) for GPIO_Init
    hx711.o(.text) refers to delay.o(.text) for delay_us
    hx711.o(.text) refers to fflti.o(.text) for __aeabi_i2f
    hx711.o(.text) refers to fdiv.o(.text) for __aeabi_fdiv
    hx711.o(.text) refers to ffixi.o(.text) for __aeabi_f2iz
    hx711.o(.text) refers to hx711.o(.data) for PIN_DOUT
    hx711.o(.text) refers to hx711.o(.bss) for Weight_Maopi
    filter.o(.text) refers to cfcmple.o(.text) for __aeabi_cfcmple
    filter.o(.text) refers to fadd.o(.text) for __aeabi_fadd
    filter.o(.text) refers to fflti.o(.text) for __aeabi_i2f
    filter.o(.text) refers to fdiv.o(.text) for __aeabi_fdiv
    stm32f10x_gpio.o(.text) refers to stm32f10x_rcc.o(.text) for RCC_APB2PeriphResetCmd
    stm32f10x_rcc.o(.text) refers to stm32f10x_rcc.o(.data) for APBAHBPrescTable
    stm32f10x_usart.o(.text) refers to stm32f10x_rcc.o(.text) for RCC_APB2PeriphResetCmd
    stm32f10x_spi.o(.text) refers to stm32f10x_rcc.o(.text) for RCC_APB2PeriphResetCmd
    stm32f10x_tim.o(.text) refers to stm32f10x_rcc.o(.text) for RCC_APB2PeriphResetCmd
    system_stm32f10x.o(.text) refers to system_stm32f10x.o(.data) for SystemCoreClock
    delay.o(.text) refers to misc.o(.text) for SysTick_CLKSourceConfig
    delay.o(.text) refers to system_stm32f10x.o(.data) for SystemCoreClock
    delay.o(.text) refers to delay.o(.data) for fac_us
    usart.o(.text) refers to stm32f10x_rcc.o(.text) for RCC_APB2PeriphClockCmd
    usart.o(.text) refers to stm32f10x_usart.o(.text) for USART_DeInit
    usart.o(.text) refers to stm32f10x_gpio.o(.text) for GPIO_Init
    usart.o(.text) refers to misc.o(.text) for NVIC_Init
    usart.o(.text) refers to usart.o(.data) for USART_RX_STA
    usart.o(.text) refers to usart.o(.bss) for USART_RX_BUF
    usart2.o(.text) refers to stm32f10x_tim.o(.text) for TIM_SetCounter
    usart2.o(.text) refers to stm32f10x_usart.o(.text) for USART_GetITStatus
    usart2.o(.text) refers to stm32f10x_rcc.o(.text) for RCC_APB1PeriphClockCmd
    usart2.o(.text) refers to misc.o(.text) for NVIC_Init
    usart2.o(.text) refers to stm32f10x_dma.o(.text) for DMA_DeInit
    usart2.o(.text) refers to stm32f10x_gpio.o(.text) for GPIO_Init
    usart2.o(.text) refers to printfa.o(i.__0vsprintf) for __c89vsprintf
    usart2.o(.text) refers to strlen.o(.text) for strlen
    usart2.o(.text) refers to usart2.o(.data) for USART2_RX_STA
    usart2.o(.text) refers to usart2.o(.bss) for USART2_RX_BUF
    startup_stm32f10x_hd.o(RESET) refers to startup_stm32f10x_hd.o(STACK) for __initial_sp
    startup_stm32f10x_hd.o(RESET) refers to startup_stm32f10x_hd.o(.text) for Reset_Handler
    startup_stm32f10x_hd.o(RESET) refers to stm32f10x_it.o(.text) for EXTI1_IRQHandler
    startup_stm32f10x_hd.o(RESET) refers to usart2.o(.text) for TIM4_IRQHandler
    startup_stm32f10x_hd.o(RESET) refers to usart.o(.text) for USART1_IRQHandler
    startup_stm32f10x_hd.o(.text) refers to system_stm32f10x.o(.text) for SystemInit
    startup_stm32f10x_hd.o(.text) refers to entry.o(.ARM.Collect$$$$00000000) for __main
    entry.o(.ARM.Collect$$$$00000000) refers (Special) to entry10a.o(.ARM.Collect$$$$0000000D) for __rt_final_cpp
    entry.o(.ARM.Collect$$$$00000000) refers (Special) to entry11a.o(.ARM.Collect$$$$0000000F) for __rt_final_exit
    entry.o(.ARM.Collect$$$$00000000) refers (Special) to entry7b.o(.ARM.Collect$$$$00000008) for _main_clock
    entry.o(.ARM.Collect$$$$00000000) refers (Special) to entry8b.o(.ARM.Collect$$$$0000000A) for _main_cpp_init
    entry.o(.ARM.Collect$$$$00000000) refers (Special) to entry9a.o(.ARM.Collect$$$$0000000B) for _main_init
    entry.o(.ARM.Collect$$$$00000000) refers (Special) to entry5.o(.ARM.Collect$$$$00000004) for _main_scatterload
    entry.o(.ARM.Collect$$$$00000000) refers (Special) to entry2.o(.ARM.Collect$$$$00000001) for _main_stk
    printfb.o(i.__0fprintf$bare) refers to printfb.o(i._printf_core) for _printf_core
    printfb.o(i.__0fprintf$bare) refers to mydefine.o(.text) for fputc
    printfb.o(i.__0printf$bare) refers to printfb.o(i._printf_core) for _printf_core
    printfb.o(i.__0printf$bare) refers to mydefine.o(.text) for fputc
    printfb.o(i.__0printf$bare) refers to stdout.o(.data) for __stdout
    printfb.o(i.__0snprintf$bare) refers to printfb.o(i._printf_core) for _printf_core
    printfb.o(i.__0snprintf$bare) refers to printfb.o(i._snputc) for _snputc
    printfb.o(i.__0sprintf$bare) refers to printfb.o(i._printf_core) for _printf_core
    printfb.o(i.__0sprintf$bare) refers to printfb.o(i._sputc) for _sputc
    printfb.o(i.__0vfprintf$bare) refers to printfb.o(i._printf_core) for _printf_core
    printfb.o(i.__0vfprintf$bare) refers to mydefine.o(.text) for fputc
    printfb.o(i.__0vprintf$bare) refers to printfb.o(i._printf_core) for _printf_core
    printfb.o(i.__0vprintf$bare) refers to mydefine.o(.text) for fputc
    printfb.o(i.__0vprintf$bare) refers to stdout.o(.data) for __stdout
    printfb.o(i.__0vsnprintf$bare) refers to printfb.o(i._printf_core) for _printf_core
    printfb.o(i.__0vsnprintf$bare) refers to printfb.o(i._snputc) for _snputc
    printfb.o(i.__0vsprintf$bare) refers to printfb.o(i._printf_core) for _printf_core
    printfb.o(i.__0vsprintf$bare) refers to printfb.o(i._sputc) for _sputc
    printf0.o(i.__0fprintf$0) refers to printf0.o(i._printf_core) for _printf_core
    printf0.o(i.__0fprintf$0) refers to mydefine.o(.text) for fputc
    printf0.o(i.__0printf$0) refers to printf0.o(i._printf_core) for _printf_core
    printf0.o(i.__0printf$0) refers to mydefine.o(.text) for fputc
    printf0.o(i.__0printf$0) refers to stdout.o(.data) for __stdout
    printf0.o(i.__0snprintf$0) refers to printf0.o(i._printf_core) for _printf_core
    printf0.o(i.__0snprintf$0) refers to printf0.o(i._snputc) for _snputc
    printf0.o(i.__0sprintf$0) refers to printf0.o(i._printf_core) for _printf_core
    printf0.o(i.__0sprintf$0) refers to printf0.o(i._sputc) for _sputc
    printf0.o(i.__0vfprintf$0) refers to printf0.o(i._printf_core) for _printf_core
    printf0.o(i.__0vfprintf$0) refers to mydefine.o(.text) for fputc
    printf0.o(i.__0vprintf$0) refers to printf0.o(i._printf_core) for _printf_core
    printf0.o(i.__0vprintf$0) refers to mydefine.o(.text) for fputc
    printf0.o(i.__0vprintf$0) refers to stdout.o(.data) for __stdout
    printf0.o(i.__0vsnprintf$0) refers to printf0.o(i._printf_core) for _printf_core
    printf0.o(i.__0vsnprintf$0) refers to printf0.o(i._snputc) for _snputc
    printf0.o(i.__0vsprintf$0) refers to printf0.o(i._printf_core) for _printf_core
    printf0.o(i.__0vsprintf$0) refers to printf0.o(i._sputc) for _sputc
    printf1.o(i.__0fprintf$1) refers to printf1.o(i._printf_core) for _printf_core
    printf1.o(i.__0fprintf$1) refers to mydefine.o(.text) for fputc
    printf1.o(i.__0printf$1) refers to printf1.o(i._printf_core) for _printf_core
    printf1.o(i.__0printf$1) refers to mydefine.o(.text) for fputc
    printf1.o(i.__0printf$1) refers to stdout.o(.data) for __stdout
    printf1.o(i.__0snprintf$1) refers to printf1.o(i._printf_core) for _printf_core
    printf1.o(i.__0snprintf$1) refers to printf1.o(i._snputc) for _snputc
    printf1.o(i.__0sprintf$1) refers to printf1.o(i._printf_core) for _printf_core
    printf1.o(i.__0sprintf$1) refers to printf1.o(i._sputc) for _sputc
    printf1.o(i.__0vfprintf$1) refers to printf1.o(i._printf_core) for _printf_core
    printf1.o(i.__0vfprintf$1) refers to mydefine.o(.text) for fputc
    printf1.o(i.__0vprintf$1) refers to printf1.o(i._printf_core) for _printf_core
    printf1.o(i.__0vprintf$1) refers to mydefine.o(.text) for fputc
    printf1.o(i.__0vprintf$1) refers to stdout.o(.data) for __stdout
    printf1.o(i.__0vsnprintf$1) refers to printf1.o(i._printf_core) for _printf_core
    printf1.o(i.__0vsnprintf$1) refers to printf1.o(i._snputc) for _snputc
    printf1.o(i.__0vsprintf$1) refers to printf1.o(i._printf_core) for _printf_core
    printf1.o(i.__0vsprintf$1) refers to printf1.o(i._sputc) for _sputc
    printf1.o(i._printf_core) refers to uidiv.o(.text) for __aeabi_uidivmod
    printf2.o(i.__0fprintf$2) refers to printf2.o(i._printf_core) for _printf_core
    printf2.o(i.__0fprintf$2) refers to mydefine.o(.text) for fputc
    printf2.o(i.__0printf$2) refers to printf2.o(i._printf_core) for _printf_core
    printf2.o(i.__0printf$2) refers to mydefine.o(.text) for fputc
    printf2.o(i.__0printf$2) refers to stdout.o(.data) for __stdout
    printf2.o(i.__0snprintf$2) refers to printf2.o(i._printf_core) for _printf_core
    printf2.o(i.__0snprintf$2) refers to printf2.o(i._snputc) for _snputc
    printf2.o(i.__0sprintf$2) refers to printf2.o(i._printf_core) for _printf_core
    printf2.o(i.__0sprintf$2) refers to printf2.o(i._sputc) for _sputc
    printf2.o(i.__0vfprintf$2) refers to printf2.o(i._printf_core) for _printf_core
    printf2.o(i.__0vfprintf$2) refers to mydefine.o(.text) for fputc
    printf2.o(i.__0vprintf$2) refers to printf2.o(i._printf_core) for _printf_core
    printf2.o(i.__0vprintf$2) refers to mydefine.o(.text) for fputc
    printf2.o(i.__0vprintf$2) refers to stdout.o(.data) for __stdout
    printf2.o(i.__0vsnprintf$2) refers to printf2.o(i._printf_core) for _printf_core
    printf2.o(i.__0vsnprintf$2) refers to printf2.o(i._snputc) for _snputc
    printf2.o(i.__0vsprintf$2) refers to printf2.o(i._printf_core) for _printf_core
    printf2.o(i.__0vsprintf$2) refers to printf2.o(i._sputc) for _sputc
    printf3.o(i.__0fprintf$3) refers to printf3.o(i._printf_core) for _printf_core
    printf3.o(i.__0fprintf$3) refers to mydefine.o(.text) for fputc
    printf3.o(i.__0printf$3) refers to printf3.o(i._printf_core) for _printf_core
    printf3.o(i.__0printf$3) refers to mydefine.o(.text) for fputc
    printf3.o(i.__0printf$3) refers to stdout.o(.data) for __stdout
    printf3.o(i.__0snprintf$3) refers to printf3.o(i._printf_core) for _printf_core
    printf3.o(i.__0snprintf$3) refers to printf3.o(i._snputc) for _snputc
    printf3.o(i.__0sprintf$3) refers to printf3.o(i._printf_core) for _printf_core
    printf3.o(i.__0sprintf$3) refers to printf3.o(i._sputc) for _sputc
    printf3.o(i.__0vfprintf$3) refers to printf3.o(i._printf_core) for _printf_core
    printf3.o(i.__0vfprintf$3) refers to mydefine.o(.text) for fputc
    printf3.o(i.__0vprintf$3) refers to printf3.o(i._printf_core) for _printf_core
    printf3.o(i.__0vprintf$3) refers to mydefine.o(.text) for fputc
    printf3.o(i.__0vprintf$3) refers to stdout.o(.data) for __stdout
    printf3.o(i.__0vsnprintf$3) refers to printf3.o(i._printf_core) for _printf_core
    printf3.o(i.__0vsnprintf$3) refers to printf3.o(i._snputc) for _snputc
    printf3.o(i.__0vsprintf$3) refers to printf3.o(i._printf_core) for _printf_core
    printf3.o(i.__0vsprintf$3) refers to printf3.o(i._sputc) for _sputc
    printf3.o(i._printf_core) refers to uidiv.o(.text) for __aeabi_uidivmod
    printf4.o(i.__0fprintf$4) refers to printf4.o(i._printf_core) for _printf_core
    printf4.o(i.__0fprintf$4) refers to mydefine.o(.text) for fputc
    printf4.o(i.__0printf$4) refers to printf4.o(i._printf_core) for _printf_core
    printf4.o(i.__0printf$4) refers to mydefine.o(.text) for fputc
    printf4.o(i.__0printf$4) refers to stdout.o(.data) for __stdout
    printf4.o(i.__0snprintf$4) refers to printf4.o(i._printf_core) for _printf_core
    printf4.o(i.__0snprintf$4) refers to printf4.o(i._snputc) for _snputc
    printf4.o(i.__0sprintf$4) refers to printf4.o(i._printf_core) for _printf_core
    printf4.o(i.__0sprintf$4) refers to printf4.o(i._sputc) for _sputc
    printf4.o(i.__0vfprintf$4) refers to printf4.o(i._printf_core) for _printf_core
    printf4.o(i.__0vfprintf$4) refers to mydefine.o(.text) for fputc
    printf4.o(i.__0vprintf$4) refers to printf4.o(i._printf_core) for _printf_core
    printf4.o(i.__0vprintf$4) refers to mydefine.o(.text) for fputc
    printf4.o(i.__0vprintf$4) refers to stdout.o(.data) for __stdout
    printf4.o(i.__0vsnprintf$4) refers to printf4.o(i._printf_core) for _printf_core
    printf4.o(i.__0vsnprintf$4) refers to printf4.o(i._snputc) for _snputc
    printf4.o(i.__0vsprintf$4) refers to printf4.o(i._printf_core) for _printf_core
    printf4.o(i.__0vsprintf$4) refers to printf4.o(i._sputc) for _sputc
    printf4.o(i._printf_core) refers to uldiv.o(.text) for __aeabi_uldivmod
    printf5.o(i.__0fprintf$5) refers to printf5.o(i._printf_core) for _printf_core
    printf5.o(i.__0fprintf$5) refers to mydefine.o(.text) for fputc
    printf5.o(i.__0printf$5) refers to printf5.o(i._printf_core) for _printf_core
    printf5.o(i.__0printf$5) refers to mydefine.o(.text) for fputc
    printf5.o(i.__0printf$5) refers to stdout.o(.data) for __stdout
    printf5.o(i.__0snprintf$5) refers to printf5.o(i._printf_core) for _printf_core
    printf5.o(i.__0snprintf$5) refers to printf5.o(i._snputc) for _snputc
    printf5.o(i.__0sprintf$5) refers to printf5.o(i._printf_core) for _printf_core
    printf5.o(i.__0sprintf$5) refers to printf5.o(i._sputc) for _sputc
    printf5.o(i.__0vfprintf$5) refers to printf5.o(i._printf_core) for _printf_core
    printf5.o(i.__0vfprintf$5) refers to mydefine.o(.text) for fputc
    printf5.o(i.__0vprintf$5) refers to printf5.o(i._printf_core) for _printf_core
    printf5.o(i.__0vprintf$5) refers to mydefine.o(.text) for fputc
    printf5.o(i.__0vprintf$5) refers to stdout.o(.data) for __stdout
    printf5.o(i.__0vsnprintf$5) refers to printf5.o(i._printf_core) for _printf_core
    printf5.o(i.__0vsnprintf$5) refers to printf5.o(i._snputc) for _snputc
    printf5.o(i.__0vsprintf$5) refers to printf5.o(i._printf_core) for _printf_core
    printf5.o(i.__0vsprintf$5) refers to printf5.o(i._sputc) for _sputc
    printf5.o(i._printf_core) refers to uldiv.o(.text) for __aeabi_uldivmod
    printf6.o(i.__0fprintf$6) refers to printf6.o(i._printf_core) for _printf_core
    printf6.o(i.__0fprintf$6) refers to mydefine.o(.text) for fputc
    printf6.o(i.__0printf$6) refers to printf6.o(i._printf_core) for _printf_core
    printf6.o(i.__0printf$6) refers to mydefine.o(.text) for fputc
    printf6.o(i.__0printf$6) refers to stdout.o(.data) for __stdout
    printf6.o(i.__0snprintf$6) refers to printf6.o(i._printf_core) for _printf_core
    printf6.o(i.__0snprintf$6) refers to printf6.o(i._snputc) for _snputc
    printf6.o(i.__0sprintf$6) refers to printf6.o(i._printf_core) for _printf_core
    printf6.o(i.__0sprintf$6) refers to printf6.o(i._sputc) for _sputc
    printf6.o(i.__0vfprintf$6) refers to printf6.o(i._printf_core) for _printf_core
    printf6.o(i.__0vfprintf$6) refers to mydefine.o(.text) for fputc
    printf6.o(i.__0vprintf$6) refers to printf6.o(i._printf_core) for _printf_core
    printf6.o(i.__0vprintf$6) refers to mydefine.o(.text) for fputc
    printf6.o(i.__0vprintf$6) refers to stdout.o(.data) for __stdout
    printf6.o(i.__0vsnprintf$6) refers to printf6.o(i._printf_core) for _printf_core
    printf6.o(i.__0vsnprintf$6) refers to printf6.o(i._snputc) for _snputc
    printf6.o(i.__0vsprintf$6) refers to printf6.o(i._printf_core) for _printf_core
    printf6.o(i.__0vsprintf$6) refers to printf6.o(i._sputc) for _sputc
    printf6.o(i._printf_core) refers to printf6.o(i._printf_pre_padding) for _printf_pre_padding
    printf6.o(i._printf_core) refers to uidiv.o(.text) for __aeabi_uidivmod
    printf6.o(i._printf_core) refers to printf6.o(i._printf_post_padding) for _printf_post_padding
    printf7.o(i.__0fprintf$7) refers to printf7.o(i._printf_core) for _printf_core
    printf7.o(i.__0fprintf$7) refers to mydefine.o(.text) for fputc
    printf7.o(i.__0printf$7) refers to printf7.o(i._printf_core) for _printf_core
    printf7.o(i.__0printf$7) refers to mydefine.o(.text) for fputc
    printf7.o(i.__0printf$7) refers to stdout.o(.data) for __stdout
    printf7.o(i.__0snprintf$7) refers to printf7.o(i._printf_core) for _printf_core
    printf7.o(i.__0snprintf$7) refers to printf7.o(i._snputc) for _snputc
    printf7.o(i.__0sprintf$7) refers to printf7.o(i._printf_core) for _printf_core
    printf7.o(i.__0sprintf$7) refers to printf7.o(i._sputc) for _sputc
    printf7.o(i.__0vfprintf$7) refers to printf7.o(i._printf_core) for _printf_core
    printf7.o(i.__0vfprintf$7) refers to mydefine.o(.text) for fputc
    printf7.o(i.__0vprintf$7) refers to printf7.o(i._printf_core) for _printf_core
    printf7.o(i.__0vprintf$7) refers to mydefine.o(.text) for fputc
    printf7.o(i.__0vprintf$7) refers to stdout.o(.data) for __stdout
    printf7.o(i.__0vsnprintf$7) refers to printf7.o(i._printf_core) for _printf_core
    printf7.o(i.__0vsnprintf$7) refers to printf7.o(i._snputc) for _snputc
    printf7.o(i.__0vsprintf$7) refers to printf7.o(i._printf_core) for _printf_core
    printf7.o(i.__0vsprintf$7) refers to printf7.o(i._sputc) for _sputc
    printf7.o(i._printf_core) refers to printf7.o(i._printf_pre_padding) for _printf_pre_padding
    printf7.o(i._printf_core) refers to uldiv.o(.text) for __aeabi_uldivmod
    printf7.o(i._printf_core) refers to printf7.o(i._printf_post_padding) for _printf_post_padding
    printf8.o(i.__0fprintf$8) refers to printf8.o(i._printf_core) for _printf_core
    printf8.o(i.__0fprintf$8) refers to mydefine.o(.text) for fputc
    printf8.o(i.__0printf$8) refers to printf8.o(i._printf_core) for _printf_core
    printf8.o(i.__0printf$8) refers to mydefine.o(.text) for fputc
    printf8.o(i.__0printf$8) refers to stdout.o(.data) for __stdout
    printf8.o(i.__0snprintf$8) refers to printf8.o(i._printf_core) for _printf_core
    printf8.o(i.__0snprintf$8) refers to printf8.o(i._snputc) for _snputc
    printf8.o(i.__0sprintf$8) refers to printf8.o(i._printf_core) for _printf_core
    printf8.o(i.__0sprintf$8) refers to printf8.o(i._sputc) for _sputc
    printf8.o(i.__0vfprintf$8) refers to printf8.o(i._printf_core) for _printf_core
    printf8.o(i.__0vfprintf$8) refers to mydefine.o(.text) for fputc
    printf8.o(i.__0vprintf$8) refers to printf8.o(i._printf_core) for _printf_core
    printf8.o(i.__0vprintf$8) refers to mydefine.o(.text) for fputc
    printf8.o(i.__0vprintf$8) refers to stdout.o(.data) for __stdout
    printf8.o(i.__0vsnprintf$8) refers to printf8.o(i._printf_core) for _printf_core
    printf8.o(i.__0vsnprintf$8) refers to printf8.o(i._snputc) for _snputc
    printf8.o(i.__0vsprintf$8) refers to printf8.o(i._printf_core) for _printf_core
    printf8.o(i.__0vsprintf$8) refers to printf8.o(i._sputc) for _sputc
    printf8.o(i._printf_core) refers to printf8.o(i._printf_pre_padding) for _printf_pre_padding
    printf8.o(i._printf_core) refers to uldiv.o(.text) for __aeabi_uldivmod
    printf8.o(i._printf_core) refers to printf8.o(i._printf_post_padding) for _printf_post_padding
    printfa.o(i.__0fprintf) refers (Special) to iusefp.o(.text) for __I$use$fp
    printfa.o(i.__0fprintf) refers to printfa.o(i._printf_core) for _printf_core
    printfa.o(i.__0fprintf) refers to mydefine.o(.text) for fputc
    printfa.o(i.__0printf) refers (Special) to iusefp.o(.text) for __I$use$fp
    printfa.o(i.__0printf) refers to printfa.o(i._printf_core) for _printf_core
    printfa.o(i.__0printf) refers to mydefine.o(.text) for fputc
    printfa.o(i.__0printf) refers to stdout.o(.data) for __stdout
    printfa.o(i.__0snprintf) refers (Special) to iusefp.o(.text) for __I$use$fp
    printfa.o(i.__0snprintf) refers to printfa.o(i._printf_core) for _printf_core
    printfa.o(i.__0snprintf) refers to printfa.o(i._snputc) for _snputc
    printfa.o(i.__0sprintf) refers (Special) to iusefp.o(.text) for __I$use$fp
    printfa.o(i.__0sprintf) refers to printfa.o(i._printf_core) for _printf_core
    printfa.o(i.__0sprintf) refers to printfa.o(i._sputc) for _sputc
    printfa.o(i.__0vfprintf) refers (Special) to iusefp.o(.text) for __I$use$fp
    printfa.o(i.__0vfprintf) refers to printfa.o(i._printf_core) for _printf_core
    printfa.o(i.__0vfprintf) refers to mydefine.o(.text) for fputc
    printfa.o(i.__0vprintf) refers (Special) to iusefp.o(.text) for __I$use$fp
    printfa.o(i.__0vprintf) refers to printfa.o(i._printf_core) for _printf_core
    printfa.o(i.__0vprintf) refers to mydefine.o(.text) for fputc
    printfa.o(i.__0vprintf) refers to stdout.o(.data) for __stdout
    printfa.o(i.__0vsnprintf) refers (Special) to iusefp.o(.text) for __I$use$fp
    printfa.o(i.__0vsnprintf) refers to printfa.o(i._printf_core) for _printf_core
    printfa.o(i.__0vsnprintf) refers to printfa.o(i._snputc) for _snputc
    printfa.o(i.__0vsprintf) refers (Special) to iusefp.o(.text) for __I$use$fp
    printfa.o(i.__0vsprintf) refers to printfa.o(i._printf_core) for _printf_core
    printfa.o(i.__0vsprintf) refers to printfa.o(i._sputc) for _sputc
    printfa.o(i._fp_digits) refers (Special) to iusefp.o(.text) for __I$use$fp
    printfa.o(i._fp_digits) refers to dmul.o(.text) for __aeabi_dmul
    printfa.o(i._fp_digits) refers to ddiv.o(.text) for __aeabi_ddiv
    printfa.o(i._fp_digits) refers to cdrcmple.o(.text) for __aeabi_cdrcmple
    printfa.o(i._fp_digits) refers to dadd.o(.text) for __aeabi_dadd
    printfa.o(i._fp_digits) refers to dfixul.o(.text) for __aeabi_d2ulz
    printfa.o(i._fp_digits) refers to uldiv.o(.text) for __aeabi_uldivmod
    printfa.o(i._printf_core) refers (Special) to iusefp.o(.text) for __I$use$fp
    printfa.o(i._printf_core) refers to printfa.o(i._printf_pre_padding) for _printf_pre_padding
    printfa.o(i._printf_core) refers to uldiv.o(.text) for __aeabi_uldivmod
    printfa.o(i._printf_core) refers to printfa.o(i._printf_post_padding) for _printf_post_padding
    printfa.o(i._printf_core) refers to printfa.o(i._fp_digits) for _fp_digits
    printfa.o(i._printf_core) refers to uidiv.o(.text) for __aeabi_uidivmod
    printfa.o(i._printf_post_padding) refers (Special) to iusefp.o(.text) for __I$use$fp
    printfa.o(i._printf_pre_padding) refers (Special) to iusefp.o(.text) for __I$use$fp
    printfa.o(i._snputc) refers (Special) to iusefp.o(.text) for __I$use$fp
    printfa.o(i._sputc) refers (Special) to iusefp.o(.text) for __I$use$fp
    fadd.o(.text) refers (Special) to iusefp.o(.text) for __I$use$fp
    fadd.o(.text) refers to fepilogue.o(.text) for _float_epilogue
    fdiv.o(.text) refers (Special) to iusefp.o(.text) for __I$use$fp
    fdiv.o(.text) refers to fepilogue.o(.text) for _float_round
    fflti.o(.text) refers (Special) to iusefp.o(.text) for __I$use$fp
    fflti.o(.text) refers to fepilogue.o(.text) for _float_epilogue
    ffltui.o(.text) refers (Special) to iusefp.o(.text) for __I$use$fp
    ffltui.o(.text) refers to fepilogue.o(.text) for _float_epilogue
    ffixi.o(.text) refers (Special) to iusefp.o(.text) for __I$use$fp
    f2d.o(.text) refers (Special) to iusefp.o(.text) for __I$use$fp
    cfcmple.o(.text) refers (Special) to iusefp.o(.text) for __I$use$fp
    entry2.o(.ARM.Collect$$$$00000001) refers to entry2.o(.ARM.Collect$$$$00002712) for __lit__00000000
    entry2.o(.ARM.Collect$$$$00002712) refers to startup_stm32f10x_hd.o(STACK) for __initial_sp
    entry2.o(__vectab_stack_and_reset_area) refers to startup_stm32f10x_hd.o(STACK) for __initial_sp
    entry2.o(__vectab_stack_and_reset_area) refers to entry.o(.ARM.Collect$$$$00000000) for __main
    entry5.o(.ARM.Collect$$$$00000004) refers to init.o(.text) for __scatterload
    entry9a.o(.ARM.Collect$$$$0000000B) refers to main.o(.text) for main
    entry9b.o(.ARM.Collect$$$$0000000C) refers to main.o(.text) for main
    uldiv.o(.text) refers to llushr.o(.text) for __aeabi_llsr
    uldiv.o(.text) refers to llshl.o(.text) for __aeabi_llsl
    dadd.o(.text) refers to llshl.o(.text) for __aeabi_llsl
    dadd.o(.text) refers to llsshr.o(.text) for __aeabi_lasr
    dadd.o(.text) refers to depilogue.o(.text) for _double_epilogue
    dmul.o(.text) refers to depilogue.o(.text) for _double_epilogue
    ddiv.o(.text) refers to depilogue.o(.text) for _double_round
    dfixul.o(.text) refers to llushr.o(.text) for __aeabi_llsr
    dfixul.o(.text) refers to llshl.o(.text) for __aeabi_llsl
    init.o(.text) refers to entry5.o(.ARM.Collect$$$$00000004) for __main_after_scatterload
    depilogue.o(.text) refers to llshl.o(.text) for __aeabi_llsl
    depilogue.o(.text) refers to llushr.o(.text) for __aeabi_llsr


==============================================================================

Removing Unused input sections from the image.

    Removing stm32f10x_exti.o(.text), (284 bytes).
    Removing stm32f10x_spi.o(.text), (780 bytes).
    Removing startup_stm32f10x_hd.o(HEAP), (512 bytes).
    Removing core_cm3.o(.emb_text), (32 bytes).

4 unused section(s) (total 1608 bytes) removed from the image.

==============================================================================

Image Symbol Table

    Local Symbols

    Symbol Name                              Value     Ov Type        Size  Object(Section)

    ../clib/microlib/division.c              0x00000000   Number         0  uidiv.o ABSOLUTE
    ../clib/microlib/division.c              0x00000000   Number         0  uldiv.o ABSOLUTE
    ../clib/microlib/init/entry.s            0x00000000   Number         0  entry10b.o ABSOLUTE
    ../clib/microlib/init/entry.s            0x00000000   Number         0  entry10a.o ABSOLUTE
    ../clib/microlib/init/entry.s            0x00000000   Number         0  entry7a.o ABSOLUTE
    ../clib/microlib/init/entry.s            0x00000000   Number         0  entry9b.o ABSOLUTE
    ../clib/microlib/init/entry.s            0x00000000   Number         0  entry9a.o ABSOLUTE
    ../clib/microlib/init/entry.s            0x00000000   Number         0  entry11a.o ABSOLUTE
    ../clib/microlib/init/entry.s            0x00000000   Number         0  entry5.o ABSOLUTE
    ../clib/microlib/init/entry.s            0x00000000   Number         0  entry11b.o ABSOLUTE
    ../clib/microlib/init/entry.s            0x00000000   Number         0  entry2.o ABSOLUTE
    ../clib/microlib/init/entry.s            0x00000000   Number         0  entry8b.o ABSOLUTE
    ../clib/microlib/init/entry.s            0x00000000   Number         0  entry8a.o ABSOLUTE
    ../clib/microlib/init/entry.s            0x00000000   Number         0  entry7b.o ABSOLUTE
    ../clib/microlib/init/entry.s            0x00000000   Number         0  entry.o ABSOLUTE
    ../clib/microlib/longlong.c              0x00000000   Number         0  llsshr.o ABSOLUTE
    ../clib/microlib/longlong.c              0x00000000   Number         0  llushr.o ABSOLUTE
    ../clib/microlib/longlong.c              0x00000000   Number         0  llshl.o ABSOLUTE
    ../clib/microlib/printf/printf.c         0x00000000   Number         0  printf1.o ABSOLUTE
    ../clib/microlib/printf/printf.c         0x00000000   Number         0  printf0.o ABSOLUTE
    ../clib/microlib/printf/printf.c         0x00000000   Number         0  printfb.o ABSOLUTE
    ../clib/microlib/printf/printf.c         0x00000000   Number         0  printf2.o ABSOLUTE
    ../clib/microlib/printf/printf.c         0x00000000   Number         0  printfa.o ABSOLUTE
    ../clib/microlib/printf/printf.c         0x00000000   Number         0  printf8.o ABSOLUTE
    ../clib/microlib/printf/printf.c         0x00000000   Number         0  printf7.o ABSOLUTE
    ../clib/microlib/printf/printf.c         0x00000000   Number         0  printf6.o ABSOLUTE
    ../clib/microlib/printf/printf.c         0x00000000   Number         0  printf5.o ABSOLUTE
    ../clib/microlib/printf/printf.c         0x00000000   Number         0  printf4.o ABSOLUTE
    ../clib/microlib/printf/printf.c         0x00000000   Number         0  printf3.o ABSOLUTE
    ../clib/microlib/printf/stubs.s          0x00000000   Number         0  stubs.o ABSOLUTE
    ../clib/microlib/stdio/streams.c         0x00000000   Number         0  stdout.o ABSOLUTE
    ../clib/microlib/string/strlen.c         0x00000000   Number         0  strlen.o ABSOLUTE
    ../clib/microlib/stubs.s                 0x00000000   Number         0  iusefp.o ABSOLUTE
    ../fplib/microlib/f2d.c                  0x00000000   Number         0  f2d.o ABSOLUTE
    ../fplib/microlib/fpadd.c                0x00000000   Number         0  dadd.o ABSOLUTE
    ../fplib/microlib/fpadd.c                0x00000000   Number         0  fadd.o ABSOLUTE
    ../fplib/microlib/fpdiv.c                0x00000000   Number         0  ddiv.o ABSOLUTE
    ../fplib/microlib/fpdiv.c                0x00000000   Number         0  fdiv.o ABSOLUTE
    ../fplib/microlib/fpepilogue.c           0x00000000   Number         0  fepilogue.o ABSOLUTE
    ../fplib/microlib/fpepilogue.c           0x00000000   Number         0  depilogue.o ABSOLUTE
    ../fplib/microlib/fpfix.c                0x00000000   Number         0  ffixi.o ABSOLUTE
    ../fplib/microlib/fpfix.c                0x00000000   Number         0  dfixul.o ABSOLUTE
    ../fplib/microlib/fpflt.c                0x00000000   Number         0  ffltui.o ABSOLUTE
    ../fplib/microlib/fpflt.c                0x00000000   Number         0  fflti.o ABSOLUTE
    ../fplib/microlib/fpmul.c                0x00000000   Number         0  dmul.o ABSOLUTE
    ASM\\core_cm3.c                          0x00000000   Number         0  core_cm3.o ABSOLUTE
    ASM\core_cm3.c                           0x00000000   Number         0  core_cm3.o ABSOLUTE
    ASM\startup_stm32f10x_hd.s               0x00000000   Number         0  startup_stm32f10x_hd.o ABSOLUTE
    LIB\src\stm32f10x_dma.c                  0x00000000   Number         0  stm32f10x_dma.o ABSOLUTE
    LIB\src\stm32f10x_spi.c                  0x00000000   Number         0  stm32f10x_spi.o ABSOLUTE
    LIB\src\stm32f10x_tim.c                  0x00000000   Number         0  stm32f10x_tim.o ABSOLUTE
    Lib\SRC\misc.c                           0x00000000   Number         0  misc.o ABSOLUTE
    Lib\SRC\stm32f10x_exti.c                 0x00000000   Number         0  stm32f10x_exti.o ABSOLUTE
    Lib\SRC\stm32f10x_gpio.c                 0x00000000   Number         0  stm32f10x_gpio.o ABSOLUTE
    Lib\SRC\stm32f10x_rcc.c                  0x00000000   Number         0  stm32f10x_rcc.o ABSOLUTE
    Lib\SRC\stm32f10x_usart.c                0x00000000   Number         0  stm32f10x_usart.o ABSOLUTE
    SYSTEM\usart\usart.c                     0x00000000   Number         0  usart.o ABSOLUTE
    SYSTEM\usart\usart2.c                    0x00000000   Number         0  usart2.o ABSOLUTE
    System\delay\delay.c                     0x00000000   Number         0  delay.o ABSOLUTE
    System\sys\sys.c                         0x00000000   Number         0  sys.o ABSOLUTE
    System\system_stm32f10x.c                0x00000000   Number         0  system_stm32f10x.o ABSOLUTE
    USR\BT05.c                               0x00000000   Number         0  bt05.o ABSOLUTE
    USR\HX711.c                              0x00000000   Number         0  hx711.o ABSOLUTE
    USR\filter.c                             0x00000000   Number         0  filter.o ABSOLUTE
    USR\main.c                               0x00000000   Number         0  main.o ABSOLUTE
    USR\mydefine.c                           0x00000000   Number         0  mydefine.o ABSOLUTE
    USR\stm32f10x_it.c                       0x00000000   Number         0  stm32f10x_it.o ABSOLUTE
    cdrcmple.s                               0x00000000   Number         0  cdrcmple.o ABSOLUTE
    cfcmple.s                                0x00000000   Number         0  cfcmple.o ABSOLUTE
    dc.s                                     0x00000000   Number         0  dc.o ABSOLUTE
    handlers.s                               0x00000000   Number         0  handlers.o ABSOLUTE
    init.s                                   0x00000000   Number         0  init.o ABSOLUTE
    RESET                                    0x08000000   Section      304  startup_stm32f10x_hd.o(RESET)
    .ARM.Collect$$$$00000000                 0x08000130   Section        0  entry.o(.ARM.Collect$$$$00000000)
    .ARM.Collect$$$$00000001                 0x08000130   Section        4  entry2.o(.ARM.Collect$$$$00000001)
    .ARM.Collect$$$$00000004                 0x08000134   Section        4  entry5.o(.ARM.Collect$$$$00000004)
    .ARM.Collect$$$$00000008                 0x08000138   Section        0  entry7b.o(.ARM.Collect$$$$00000008)
    .ARM.Collect$$$$0000000A                 0x08000138   Section        0  entry8b.o(.ARM.Collect$$$$0000000A)
    .ARM.Collect$$$$0000000B                 0x08000138   Section        8  entry9a.o(.ARM.Collect$$$$0000000B)
    .ARM.Collect$$$$0000000D                 0x08000140   Section        0  entry10a.o(.ARM.Collect$$$$0000000D)
    .ARM.Collect$$$$0000000F                 0x08000140   Section        0  entry11a.o(.ARM.Collect$$$$0000000F)
    .ARM.Collect$$$$00002712                 0x08000140   Section        4  entry2.o(.ARM.Collect$$$$00002712)
    __lit__00000000                          0x08000140   Data           4  entry2.o(.ARM.Collect$$$$00002712)
    .text                                    0x08000144   Section        0  main.o(.text)
    .text                                    0x080004a4   Section        0  bt05.o(.text)
    .text                                    0x0800071c   Section        0  stm32f10x_it.o(.text)
    .text                                    0x08000728   Section        0  mydefine.o(.text)
    .text                                    0x0800074c   Section        0  hx711.o(.text)
    .text                                    0x0800090c   Section        0  filter.o(.text)
    .text                                    0x08000994   Section        0  stm32f10x_gpio.o(.text)
    .text                                    0x08000cf0   Section        0  stm32f10x_rcc.o(.text)
    .text                                    0x08001094   Section        0  misc.o(.text)
    .text                                    0x08001170   Section        0  stm32f10x_usart.o(.text)
    .text                                    0x08001578   Section        0  stm32f10x_dma.o(.text)
    .text                                    0x080017cc   Section        0  stm32f10x_tim.o(.text)
    TI4_Config                               0x08001c73   Thumb Code   130  stm32f10x_tim.o(.text)
    TI3_Config                               0x08001d07   Thumb Code   122  stm32f10x_tim.o(.text)
    TI2_Config                               0x08001d9b   Thumb Code   130  stm32f10x_tim.o(.text)
    TI1_Config                               0x08001e2f   Thumb Code   108  stm32f10x_tim.o(.text)
    .text                                    0x080025e8   Section        0  system_stm32f10x.o(.text)
    SetSysClockTo72                          0x080025e9   Thumb Code   214  system_stm32f10x.o(.text)
    SetSysClock                              0x080026bf   Thumb Code     8  system_stm32f10x.o(.text)
    .text                                    0x080027c8   Section        0  delay.o(.text)
    .text                                    0x0800289c   Section        0  usart.o(.text)
    .text                                    0x080029c4   Section        0  usart2.o(.text)
    .text                                    0x08002c48   Section       36  startup_stm32f10x_hd.o(.text)
    .text                                    0x08002c6c   Section        0  strlen.o(.text)
    .text                                    0x08002c7a   Section        0  fadd.o(.text)
    .text                                    0x08002d2a   Section        0  fdiv.o(.text)
    .text                                    0x08002da6   Section        0  fflti.o(.text)
    .text                                    0x08002db8   Section        0  ffltui.o(.text)
    .text                                    0x08002dc2   Section        0  ffixi.o(.text)
    .text                                    0x08002df4   Section        0  f2d.o(.text)
    .text                                    0x08002e1c   Section       20  cfcmple.o(.text)
    .text                                    0x08002e30   Section        0  uidiv.o(.text)
    .text                                    0x08002e5c   Section        0  uldiv.o(.text)
    .text                                    0x08002ebe   Section        0  fepilogue.o(.text)
    .text                                    0x08002ebe   Section        0  iusefp.o(.text)
    .text                                    0x08002f2c   Section        0  dadd.o(.text)
    .text                                    0x0800307a   Section        0  dmul.o(.text)
    .text                                    0x0800315e   Section        0  ddiv.o(.text)
    .text                                    0x0800323c   Section        0  dfixul.o(.text)
    .text                                    0x0800326c   Section       48  cdrcmple.o(.text)
    .text                                    0x0800329c   Section       36  init.o(.text)
    .text                                    0x080032c0   Section        0  llshl.o(.text)
    .text                                    0x080032de   Section        0  llushr.o(.text)
    .text                                    0x080032fe   Section        0  llsshr.o(.text)
    .text                                    0x08003322   Section        0  depilogue.o(.text)
    i.__0printf$1                            0x080033dc   Section        0  printf1.o(i.__0printf$1)
    i.__0vsprintf                            0x080033fc   Section        0  printfa.o(i.__0vsprintf)
    i.__scatterload_copy                     0x08003420   Section       14  handlers.o(i.__scatterload_copy)
    i.__scatterload_null                     0x0800342e   Section        2  handlers.o(i.__scatterload_null)
    i.__scatterload_zeroinit                 0x08003430   Section       14  handlers.o(i.__scatterload_zeroinit)
    i._fp_digits                             0x08003440   Section        0  printfa.o(i._fp_digits)
    _fp_digits                               0x08003441   Thumb Code   334  printfa.o(i._fp_digits)
    i._printf_core                           0x080035a4   Section        0  printf1.o(i._printf_core)
    _printf_core                             0x080035a5   Thumb Code   336  printf1.o(i._printf_core)
    i._printf_core                           0x080036f8   Section        0  printfa.o(i._printf_core)
    _printf_core                             0x080036f9   Thumb Code  1744  printfa.o(i._printf_core)
    i._printf_post_padding                   0x08003dd4   Section        0  printfa.o(i._printf_post_padding)
    _printf_post_padding                     0x08003dd5   Thumb Code    36  printfa.o(i._printf_post_padding)
    i._printf_pre_padding                    0x08003df8   Section        0  printfa.o(i._printf_pre_padding)
    _printf_pre_padding                      0x08003df9   Thumb Code    46  printfa.o(i._printf_pre_padding)
    i._sputc                                 0x08003e26   Section        0  printfa.o(i._sputc)
    _sputc                                   0x08003e27   Thumb Code    10  printfa.o(i._sputc)
    .constdata                               0x08003e30   Section       24  main.o(.constdata)
    .data                                    0x20000000   Section       40  hx711.o(.data)
    .data                                    0x20000028   Section       20  stm32f10x_rcc.o(.data)
    APBAHBPrescTable                         0x20000028   Data          16  stm32f10x_rcc.o(.data)
    ADCPrescTable                            0x20000038   Data           4  stm32f10x_rcc.o(.data)
    .data                                    0x2000003c   Section       20  system_stm32f10x.o(.data)
    .data                                    0x20000050   Section        4  delay.o(.data)
    fac_us                                   0x20000050   Data           1  delay.o(.data)
    fac_ms                                   0x20000052   Data           2  delay.o(.data)
    .data                                    0x20000054   Section        2  usart.o(.data)
    .data                                    0x20000056   Section        2  usart2.o(.data)
    .data                                    0x20000058   Section        4  stdout.o(.data)
    .bss                                     0x2000005c   Section       36  hx711.o(.bss)
    .bss                                     0x20000080   Section      200  usart.o(.bss)
    .bss                                     0x20000148   Section      400  usart2.o(.bss)
    STACK                                    0x200002d8   Section     1024  startup_stm32f10x_hd.o(STACK)

    Global Symbols

    Symbol Name                              Value     Ov Type        Size  Object(Section)

    BuildAttributes$$THM_ISAv4$P$D$K$B$S$PE$A:L22UL41UL21$X:L11$S22US41US21$IEEE1$IW$USESV6$~STKCKD$USESV7$~SHL$OTIME$ROPI$EBA8$MICROLIB$REQ8$PRES8$EABIv2 0x00000000   Number         0  anon$$obj.o ABSOLUTE
    __ARM_use_no_argv                        0x00000000   Number         0  main.o ABSOLUTE
    _printf_a                                0x00000000   Number         0  stubs.o ABSOLUTE
    _printf_c                                0x00000000   Number         0  stubs.o ABSOLUTE
    _printf_charcount                        0x00000000   Number         0  stubs.o ABSOLUTE
    _printf_d                                0x00000000   Number         0  stubs.o ABSOLUTE
    _printf_e                                0x00000000   Number         0  stubs.o ABSOLUTE
    _printf_f                                0x00000000   Number         0  stubs.o ABSOLUTE
    _printf_flags                            0x00000000   Number         0  stubs.o ABSOLUTE
    _printf_fp_dec                           0x00000000   Number         0  stubs.o ABSOLUTE
    _printf_fp_hex                           0x00000000   Number         0  stubs.o ABSOLUTE
    _printf_g                                0x00000000   Number         0  stubs.o ABSOLUTE
    _printf_i                                0x00000000   Number         0  stubs.o ABSOLUTE
    _printf_int_dec                          0x00000000   Number         0  stubs.o ABSOLUTE
    _printf_l                                0x00000000   Number         0  stubs.o ABSOLUTE
    _printf_lc                               0x00000000   Number         0  stubs.o ABSOLUTE
    _printf_ll                               0x00000000   Number         0  stubs.o ABSOLUTE
    _printf_lld                              0x00000000   Number         0  stubs.o ABSOLUTE
    _printf_lli                              0x00000000   Number         0  stubs.o ABSOLUTE
    _printf_llo                              0x00000000   Number         0  stubs.o ABSOLUTE
    _printf_llu                              0x00000000   Number         0  stubs.o ABSOLUTE
    _printf_llx                              0x00000000   Number         0  stubs.o ABSOLUTE
    _printf_longlong_dec                     0x00000000   Number         0  stubs.o ABSOLUTE
    _printf_longlong_hex                     0x00000000   Number         0  stubs.o ABSOLUTE
    _printf_longlong_oct                     0x00000000   Number         0  stubs.o ABSOLUTE
    _printf_ls                               0x00000000   Number         0  stubs.o ABSOLUTE
    _printf_mbtowc                           0x00000000   Number         0  stubs.o ABSOLUTE
    _printf_n                                0x00000000   Number         0  stubs.o ABSOLUTE
    _printf_o                                0x00000000   Number         0  stubs.o ABSOLUTE
    _printf_p                                0x00000000   Number         0  stubs.o ABSOLUTE
    _printf_percent                          0x00000000   Number         0  stubs.o ABSOLUTE
    _printf_pre_padding                      0x00000000   Number         0  stubs.o ABSOLUTE
    _printf_return_value                     0x00000000   Number         0  stubs.o ABSOLUTE
    _printf_s                                0x00000000   Number         0  stubs.o ABSOLUTE
    _printf_sizespec                         0x00000000   Number         0  stubs.o ABSOLUTE
    _printf_str                              0x00000000   Number         0  stubs.o ABSOLUTE
    _printf_truncate_signed                  0x00000000   Number         0  stubs.o ABSOLUTE
    _printf_truncate_unsigned                0x00000000   Number         0  stubs.o ABSOLUTE
    _printf_u                                0x00000000   Number         0  stubs.o ABSOLUTE
    _printf_wc                               0x00000000   Number         0  stubs.o ABSOLUTE
    _printf_wctomb                           0x00000000   Number         0  stubs.o ABSOLUTE
    _printf_widthprec                        0x00000000   Number         0  stubs.o ABSOLUTE
    _printf_x                                0x00000000   Number         0  stubs.o ABSOLUTE
    __cpp_initialize__aeabi_                  - Undefined Weak Reference
    __cxa_finalize                            - Undefined Weak Reference
    __decompress                              - Undefined Weak Reference
    _clock_init                               - Undefined Weak Reference
    _microlib_exit                            - Undefined Weak Reference
    __Vectors_Size                           0x00000130   Number         0  startup_stm32f10x_hd.o ABSOLUTE
    __Vectors                                0x08000000   Data           4  startup_stm32f10x_hd.o(RESET)
    __Vectors_End                            0x08000130   Data           0  startup_stm32f10x_hd.o(RESET)
    __main                                   0x08000131   Thumb Code     0  entry.o(.ARM.Collect$$$$00000000)
    _main_stk                                0x08000131   Thumb Code     0  entry2.o(.ARM.Collect$$$$00000001)
    _main_scatterload                        0x08000135   Thumb Code     0  entry5.o(.ARM.Collect$$$$00000004)
    __main_after_scatterload                 0x08000139   Thumb Code     0  entry5.o(.ARM.Collect$$$$00000004)
    _main_clock                              0x08000139   Thumb Code     0  entry7b.o(.ARM.Collect$$$$00000008)
    _main_cpp_init                           0x08000139   Thumb Code     0  entry8b.o(.ARM.Collect$$$$0000000A)
    _main_init                               0x08000139   Thumb Code     0  entry9a.o(.ARM.Collect$$$$0000000B)
    __rt_final_cpp                           0x08000141   Thumb Code     0  entry10a.o(.ARM.Collect$$$$0000000D)
    __rt_final_exit                          0x08000141   Thumb Code     0  entry11a.o(.ARM.Collect$$$$0000000F)
    USART_Configuration                      0x08000145   Thumb Code    70  main.o(.text)
    NVIC_Configuration                       0x0800018b   Thumb Code    40  main.o(.text)
    GPIO_Configuration                       0x080001b3   Thumb Code    54  main.o(.text)
    RCC_Configuration                        0x080001e9   Thumb Code    28  main.o(.text)
    main                                     0x08000205   Thumb Code   554  main.o(.text)
    BT05_Init                                0x080004a5   Thumb Code   226  bt05.o(.text)
    BT05_Get_Role                            0x08000587   Thumb Code   124  bt05.o(.text)
    BT05_Set_Cmd                             0x08000603   Thumb Code   136  bt05.o(.text)
    BT05_Role_Print                          0x0800068b   Thumb Code    26  bt05.o(.text)
    BT05_Sta_Print                           0x080006a5   Thumb Code    26  bt05.o(.text)
    TIM3_IRQHandler                          0x0800071d   Thumb Code     2  stm32f10x_it.o(.text)
    EXTI9_5_IRQHandler                       0x0800071f   Thumb Code     2  stm32f10x_it.o(.text)
    EXTI1_IRQHandler                         0x08000721   Thumb Code     2  stm32f10x_it.o(.text)
    EXTI2_IRQHandler                         0x08000723   Thumb Code     2  stm32f10x_it.o(.text)
    EXTI3_IRQHandler                         0x08000725   Thumb Code     2  stm32f10x_it.o(.text)
    fputc                                    0x08000729   Thumb Code    32  mydefine.o(.text)
    Init_HX711pin                            0x0800074d   Thumb Code   172  hx711.o(.text)
    Sensor_Read                              0x080007f9   Thumb Code    90  hx711.o(.text)
    Get_Maopi                                0x08000853   Thumb Code    38  hx711.o(.text)
    Get_Weight                               0x08000879   Thumb Code   118  hx711.o(.text)
    swap                                     0x0800090d   Thumb Code    10  filter.o(.text)
    SelectSort                               0x08000917   Thumb Code    62  filter.o(.text)
    Filter                                   0x08000955   Thumb Code    64  filter.o(.text)
    GPIO_DeInit                              0x08000995   Thumb Code   172  stm32f10x_gpio.o(.text)
    GPIO_AFIODeInit                          0x08000a41   Thumb Code    20  stm32f10x_gpio.o(.text)
    GPIO_Init                                0x08000a55   Thumb Code   278  stm32f10x_gpio.o(.text)
    GPIO_StructInit                          0x08000b6b   Thumb Code    16  stm32f10x_gpio.o(.text)
    GPIO_ReadInputDataBit                    0x08000b7b   Thumb Code    18  stm32f10x_gpio.o(.text)
    GPIO_ReadInputData                       0x08000b8d   Thumb Code     8  stm32f10x_gpio.o(.text)
    GPIO_ReadOutputDataBit                   0x08000b95   Thumb Code    18  stm32f10x_gpio.o(.text)
    GPIO_ReadOutputData                      0x08000ba7   Thumb Code     8  stm32f10x_gpio.o(.text)
    GPIO_SetBits                             0x08000baf   Thumb Code     4  stm32f10x_gpio.o(.text)
    GPIO_ResetBits                           0x08000bb3   Thumb Code     4  stm32f10x_gpio.o(.text)
    GPIO_WriteBit                            0x08000bb7   Thumb Code    10  stm32f10x_gpio.o(.text)
    GPIO_Write                               0x08000bc1   Thumb Code     4  stm32f10x_gpio.o(.text)
    GPIO_PinLockConfig                       0x08000bc5   Thumb Code    18  stm32f10x_gpio.o(.text)
    GPIO_EventOutputConfig                   0x08000bd7   Thumb Code    26  stm32f10x_gpio.o(.text)
    GPIO_EventOutputCmd                      0x08000bf1   Thumb Code     6  stm32f10x_gpio.o(.text)
    GPIO_PinRemapConfig                      0x08000bf7   Thumb Code   138  stm32f10x_gpio.o(.text)
    GPIO_EXTILineConfig                      0x08000c81   Thumb Code    66  stm32f10x_gpio.o(.text)
    GPIO_ETH_MediaInterfaceConfig            0x08000cc3   Thumb Code     8  stm32f10x_gpio.o(.text)
    RCC_DeInit                               0x08000cf1   Thumb Code    64  stm32f10x_rcc.o(.text)
    RCC_HSEConfig                            0x08000d31   Thumb Code    70  stm32f10x_rcc.o(.text)
    RCC_GetFlagStatus                        0x08000d77   Thumb Code    56  stm32f10x_rcc.o(.text)
    RCC_WaitForHSEStartUp                    0x08000daf   Thumb Code    56  stm32f10x_rcc.o(.text)
    RCC_AdjustHSICalibrationValue            0x08000de7   Thumb Code    20  stm32f10x_rcc.o(.text)
    RCC_HSICmd                               0x08000dfb   Thumb Code     6  stm32f10x_rcc.o(.text)
    RCC_PLLConfig                            0x08000e01   Thumb Code    24  stm32f10x_rcc.o(.text)
    RCC_PLLCmd                               0x08000e19   Thumb Code     6  stm32f10x_rcc.o(.text)
    RCC_SYSCLKConfig                         0x08000e1f   Thumb Code    18  stm32f10x_rcc.o(.text)
    RCC_GetSYSCLKSource                      0x08000e31   Thumb Code    10  stm32f10x_rcc.o(.text)
    RCC_HCLKConfig                           0x08000e3b   Thumb Code    18  stm32f10x_rcc.o(.text)
    RCC_PCLK1Config                          0x08000e4d   Thumb Code    18  stm32f10x_rcc.o(.text)
    RCC_PCLK2Config                          0x08000e5f   Thumb Code    20  stm32f10x_rcc.o(.text)
    RCC_ITConfig                             0x08000e73   Thumb Code    26  stm32f10x_rcc.o(.text)
    RCC_USBCLKConfig                         0x08000e8d   Thumb Code     8  stm32f10x_rcc.o(.text)
    RCC_ADCCLKConfig                         0x08000e95   Thumb Code    18  stm32f10x_rcc.o(.text)
    RCC_LSEConfig                            0x08000ea7   Thumb Code    50  stm32f10x_rcc.o(.text)
    RCC_LSICmd                               0x08000ed9   Thumb Code     6  stm32f10x_rcc.o(.text)
    RCC_RTCCLKConfig                         0x08000edf   Thumb Code    12  stm32f10x_rcc.o(.text)
    RCC_RTCCLKCmd                            0x08000eeb   Thumb Code     8  stm32f10x_rcc.o(.text)
    RCC_GetClocksFreq                        0x08000ef3   Thumb Code   192  stm32f10x_rcc.o(.text)
    RCC_AHBPeriphClockCmd                    0x08000fb3   Thumb Code    26  stm32f10x_rcc.o(.text)
    RCC_APB2PeriphClockCmd                   0x08000fcd   Thumb Code    26  stm32f10x_rcc.o(.text)
    RCC_APB1PeriphClockCmd                   0x08000fe7   Thumb Code    26  stm32f10x_rcc.o(.text)
    RCC_APB2PeriphResetCmd                   0x08001001   Thumb Code    26  stm32f10x_rcc.o(.text)
    RCC_APB1PeriphResetCmd                   0x0800101b   Thumb Code    26  stm32f10x_rcc.o(.text)
    RCC_BackupResetCmd                       0x08001035   Thumb Code     8  stm32f10x_rcc.o(.text)
    RCC_ClockSecuritySystemCmd               0x0800103d   Thumb Code     6  stm32f10x_rcc.o(.text)
    RCC_MCOConfig                            0x08001043   Thumb Code     6  stm32f10x_rcc.o(.text)
    RCC_ClearFlag                            0x08001049   Thumb Code    14  stm32f10x_rcc.o(.text)
    RCC_GetITStatus                          0x08001057   Thumb Code    20  stm32f10x_rcc.o(.text)
    RCC_ClearITPendingBit                    0x0800106b   Thumb Code     6  stm32f10x_rcc.o(.text)
    NVIC_PriorityGroupConfig                 0x08001095   Thumb Code    10  misc.o(.text)
    NVIC_Init                                0x0800109f   Thumb Code   100  misc.o(.text)
    NVIC_SetVectorTable                      0x08001103   Thumb Code    14  misc.o(.text)
    NVIC_SystemLPConfig                      0x08001111   Thumb Code    34  misc.o(.text)
    SysTick_CLKSourceConfig                  0x08001133   Thumb Code    40  misc.o(.text)
    USART_DeInit                             0x08001171   Thumb Code   134  stm32f10x_usart.o(.text)
    USART_Init                               0x080011f7   Thumb Code   210  stm32f10x_usart.o(.text)
    USART_StructInit                         0x080012c9   Thumb Code    24  stm32f10x_usart.o(.text)
    USART_ClockInit                          0x080012e1   Thumb Code    34  stm32f10x_usart.o(.text)
    USART_ClockStructInit                    0x08001303   Thumb Code    12  stm32f10x_usart.o(.text)
    USART_Cmd                                0x0800130f   Thumb Code    24  stm32f10x_usart.o(.text)
    USART_ITConfig                           0x08001327   Thumb Code    74  stm32f10x_usart.o(.text)
    USART_DMACmd                             0x08001371   Thumb Code    18  stm32f10x_usart.o(.text)
    USART_SetAddress                         0x08001383   Thumb Code    18  stm32f10x_usart.o(.text)
    USART_WakeUpConfig                       0x08001395   Thumb Code    18  stm32f10x_usart.o(.text)
    USART_ReceiverWakeUpCmd                  0x080013a7   Thumb Code    24  stm32f10x_usart.o(.text)
    USART_LINBreakDetectLengthConfig         0x080013bf   Thumb Code    18  stm32f10x_usart.o(.text)
    USART_LINCmd                             0x080013d1   Thumb Code    24  stm32f10x_usart.o(.text)
    USART_SendData                           0x080013e9   Thumb Code     8  stm32f10x_usart.o(.text)
    USART_ReceiveData                        0x080013f1   Thumb Code    10  stm32f10x_usart.o(.text)
    USART_SendBreak                          0x080013fb   Thumb Code    10  stm32f10x_usart.o(.text)
    USART_SetGuardTime                       0x08001405   Thumb Code    16  stm32f10x_usart.o(.text)
    USART_SetPrescaler                       0x08001415   Thumb Code    16  stm32f10x_usart.o(.text)
    USART_SmartCardCmd                       0x08001425   Thumb Code    24  stm32f10x_usart.o(.text)
    USART_SmartCardNACKCmd                   0x0800143d   Thumb Code    24  stm32f10x_usart.o(.text)
    USART_HalfDuplexCmd                      0x08001455   Thumb Code    24  stm32f10x_usart.o(.text)
    USART_OverSampling8Cmd                   0x0800146d   Thumb Code    22  stm32f10x_usart.o(.text)
    USART_OneBitMethodCmd                    0x08001483   Thumb Code    24  stm32f10x_usart.o(.text)
    USART_IrDAConfig                         0x0800149b   Thumb Code    18  stm32f10x_usart.o(.text)
    USART_IrDACmd                            0x080014ad   Thumb Code    24  stm32f10x_usart.o(.text)
    USART_GetFlagStatus                      0x080014c5   Thumb Code    26  stm32f10x_usart.o(.text)
    USART_ClearFlag                          0x080014df   Thumb Code    18  stm32f10x_usart.o(.text)
    USART_GetITStatus                        0x080014f1   Thumb Code    84  stm32f10x_usart.o(.text)
    USART_ClearITPendingBit                  0x08001545   Thumb Code    52  stm32f10x_usart.o(.text)
    DMA_DeInit                               0x08001579   Thumb Code   324  stm32f10x_dma.o(.text)
    DMA_Init                                 0x080016bd   Thumb Code    60  stm32f10x_dma.o(.text)
    DMA_StructInit                           0x080016f9   Thumb Code    26  stm32f10x_dma.o(.text)
    DMA_Cmd                                  0x08001713   Thumb Code    24  stm32f10x_dma.o(.text)
    DMA_ITConfig                             0x0800172b   Thumb Code    18  stm32f10x_dma.o(.text)
    DMA_SetCurrDataCounter                   0x0800173d   Thumb Code     4  stm32f10x_dma.o(.text)
    DMA_GetCurrDataCounter                   0x08001741   Thumb Code     8  stm32f10x_dma.o(.text)
    DMA_GetFlagStatus                        0x08001749   Thumb Code    40  stm32f10x_dma.o(.text)
    DMA_ClearFlag                            0x08001771   Thumb Code    22  stm32f10x_dma.o(.text)
    DMA_GetITStatus                          0x08001787   Thumb Code    40  stm32f10x_dma.o(.text)
    DMA_ClearITPendingBit                    0x080017af   Thumb Code    22  stm32f10x_dma.o(.text)
    TIM_DeInit                               0x080017cd   Thumb Code   424  stm32f10x_tim.o(.text)
    TIM_TimeBaseInit                         0x08001975   Thumb Code   122  stm32f10x_tim.o(.text)
    TIM_OC1Init                              0x080019ef   Thumb Code   132  stm32f10x_tim.o(.text)
    TIM_OC2Init                              0x08001a73   Thumb Code   154  stm32f10x_tim.o(.text)
    TIM_OC3Init                              0x08001b0d   Thumb Code   150  stm32f10x_tim.o(.text)
    TIM_OC4Init                              0x08001ba3   Thumb Code   182  stm32f10x_tim.o(.text)
    TIM_SetIC4Prescaler                      0x08001c59   Thumb Code    26  stm32f10x_tim.o(.text)
    TIM_SetIC3Prescaler                      0x08001cf5   Thumb Code    18  stm32f10x_tim.o(.text)
    TIM_SetIC2Prescaler                      0x08001d81   Thumb Code    26  stm32f10x_tim.o(.text)
    TIM_SetIC1Prescaler                      0x08001e1d   Thumb Code    18  stm32f10x_tim.o(.text)
    TIM_ICInit                               0x08001e9b   Thumb Code   150  stm32f10x_tim.o(.text)
    TIM_PWMIConfig                           0x08001f31   Thumb Code   124  stm32f10x_tim.o(.text)
    TIM_BDTRConfig                           0x08001fad   Thumb Code    32  stm32f10x_tim.o(.text)
    TIM_TimeBaseStructInit                   0x08001fcd   Thumb Code    18  stm32f10x_tim.o(.text)
    TIM_OCStructInit                         0x08001fdf   Thumb Code    20  stm32f10x_tim.o(.text)
    TIM_ICStructInit                         0x08001ff3   Thumb Code    18  stm32f10x_tim.o(.text)
    TIM_BDTRStructInit                       0x08002005   Thumb Code    40  stm32f10x_tim.o(.text)
    TIM_Cmd                                  0x0800202d   Thumb Code    24  stm32f10x_tim.o(.text)
    TIM_CtrlPWMOutputs                       0x08002045   Thumb Code    30  stm32f10x_tim.o(.text)
    TIM_ITConfig                             0x08002063   Thumb Code    18  stm32f10x_tim.o(.text)
    TIM_GenerateEvent                        0x08002075   Thumb Code     4  stm32f10x_tim.o(.text)
    TIM_DMAConfig                            0x08002079   Thumb Code    10  stm32f10x_tim.o(.text)
    TIM_DMACmd                               0x08002083   Thumb Code    18  stm32f10x_tim.o(.text)
    TIM_InternalClockConfig                  0x08002095   Thumb Code    12  stm32f10x_tim.o(.text)
    TIM_SelectInputTrigger                   0x080020a1   Thumb Code    18  stm32f10x_tim.o(.text)
    TIM_ITRxExternalClockConfig              0x080020b3   Thumb Code    24  stm32f10x_tim.o(.text)
    TIM_TIxExternalClockConfig               0x080020cb   Thumb Code    62  stm32f10x_tim.o(.text)
    TIM_ETRConfig                            0x08002109   Thumb Code    28  stm32f10x_tim.o(.text)
    TIM_ETRClockMode1Config                  0x08002125   Thumb Code    54  stm32f10x_tim.o(.text)
    TIM_ETRClockMode2Config                  0x0800215b   Thumb Code    32  stm32f10x_tim.o(.text)
    TIM_PrescalerConfig                      0x0800217b   Thumb Code     6  stm32f10x_tim.o(.text)
    TIM_CounterModeConfig                    0x08002181   Thumb Code    18  stm32f10x_tim.o(.text)
    TIM_EncoderInterfaceConfig               0x08002193   Thumb Code    66  stm32f10x_tim.o(.text)
    TIM_ForcedOC1Config                      0x080021d5   Thumb Code    18  stm32f10x_tim.o(.text)
    TIM_ForcedOC2Config                      0x080021e7   Thumb Code    26  stm32f10x_tim.o(.text)
    TIM_ForcedOC3Config                      0x08002201   Thumb Code    18  stm32f10x_tim.o(.text)
    TIM_ForcedOC4Config                      0x08002213   Thumb Code    26  stm32f10x_tim.o(.text)
    TIM_ARRPreloadConfig                     0x0800222d   Thumb Code    24  stm32f10x_tim.o(.text)
    TIM_SelectCOM                            0x08002245   Thumb Code    24  stm32f10x_tim.o(.text)
    TIM_SelectCCDMA                          0x0800225d   Thumb Code    24  stm32f10x_tim.o(.text)
    TIM_CCPreloadControl                     0x08002275   Thumb Code    24  stm32f10x_tim.o(.text)
    TIM_OC1PreloadConfig                     0x0800228d   Thumb Code    18  stm32f10x_tim.o(.text)
    TIM_OC2PreloadConfig                     0x0800229f   Thumb Code    26  stm32f10x_tim.o(.text)
    TIM_OC3PreloadConfig                     0x080022b9   Thumb Code    18  stm32f10x_tim.o(.text)
    TIM_OC4PreloadConfig                     0x080022cb   Thumb Code    26  stm32f10x_tim.o(.text)
    TIM_OC1FastConfig                        0x080022e5   Thumb Code    18  stm32f10x_tim.o(.text)
    TIM_OC2FastConfig                        0x080022f7   Thumb Code    26  stm32f10x_tim.o(.text)
    TIM_OC3FastConfig                        0x08002311   Thumb Code    18  stm32f10x_tim.o(.text)
    TIM_OC4FastConfig                        0x08002323   Thumb Code    26  stm32f10x_tim.o(.text)
    TIM_ClearOC1Ref                          0x0800233d   Thumb Code    18  stm32f10x_tim.o(.text)
    TIM_ClearOC2Ref                          0x0800234f   Thumb Code    24  stm32f10x_tim.o(.text)
    TIM_ClearOC3Ref                          0x08002367   Thumb Code    18  stm32f10x_tim.o(.text)
    TIM_ClearOC4Ref                          0x08002379   Thumb Code    24  stm32f10x_tim.o(.text)
    TIM_OC1PolarityConfig                    0x08002391   Thumb Code    18  stm32f10x_tim.o(.text)
    TIM_OC1NPolarityConfig                   0x080023a3   Thumb Code    18  stm32f10x_tim.o(.text)
    TIM_OC2PolarityConfig                    0x080023b5   Thumb Code    26  stm32f10x_tim.o(.text)
    TIM_OC2NPolarityConfig                   0x080023cf   Thumb Code    26  stm32f10x_tim.o(.text)
    TIM_OC3PolarityConfig                    0x080023e9   Thumb Code    26  stm32f10x_tim.o(.text)
    TIM_OC3NPolarityConfig                   0x08002403   Thumb Code    26  stm32f10x_tim.o(.text)
    TIM_OC4PolarityConfig                    0x0800241d   Thumb Code    26  stm32f10x_tim.o(.text)
    TIM_CCxCmd                               0x08002437   Thumb Code    30  stm32f10x_tim.o(.text)
    TIM_CCxNCmd                              0x08002455   Thumb Code    30  stm32f10x_tim.o(.text)
    TIM_SelectOCxM                           0x08002473   Thumb Code    82  stm32f10x_tim.o(.text)
    TIM_UpdateDisableConfig                  0x080024c5   Thumb Code    24  stm32f10x_tim.o(.text)
    TIM_UpdateRequestConfig                  0x080024dd   Thumb Code    24  stm32f10x_tim.o(.text)
    TIM_SelectHallSensor                     0x080024f5   Thumb Code    24  stm32f10x_tim.o(.text)
    TIM_SelectOnePulseMode                   0x0800250d   Thumb Code    18  stm32f10x_tim.o(.text)
    TIM_SelectOutputTrigger                  0x0800251f   Thumb Code    18  stm32f10x_tim.o(.text)
    TIM_SelectSlaveMode                      0x08002531   Thumb Code    18  stm32f10x_tim.o(.text)
    TIM_SelectMasterSlaveMode                0x08002543   Thumb Code    18  stm32f10x_tim.o(.text)
    TIM_SetCounter                           0x08002555   Thumb Code     4  stm32f10x_tim.o(.text)
    TIM_SetAutoreload                        0x08002559   Thumb Code     4  stm32f10x_tim.o(.text)
    TIM_SetCompare1                          0x0800255d   Thumb Code     4  stm32f10x_tim.o(.text)
    TIM_SetCompare2                          0x08002561   Thumb Code     4  stm32f10x_tim.o(.text)
    TIM_SetCompare3                          0x08002565   Thumb Code     4  stm32f10x_tim.o(.text)
    TIM_SetCompare4                          0x08002569   Thumb Code     6  stm32f10x_tim.o(.text)
    TIM_SetClockDivision                     0x0800256f   Thumb Code    18  stm32f10x_tim.o(.text)
    TIM_GetCapture1                          0x08002581   Thumb Code     6  stm32f10x_tim.o(.text)
    TIM_GetCapture2                          0x08002587   Thumb Code     6  stm32f10x_tim.o(.text)
    TIM_GetCapture3                          0x0800258d   Thumb Code     6  stm32f10x_tim.o(.text)
    TIM_GetCapture4                          0x08002593   Thumb Code     8  stm32f10x_tim.o(.text)
    TIM_GetCounter                           0x0800259b   Thumb Code     6  stm32f10x_tim.o(.text)
    TIM_GetPrescaler                         0x080025a1   Thumb Code     6  stm32f10x_tim.o(.text)
    TIM_GetFlagStatus                        0x080025a7   Thumb Code    18  stm32f10x_tim.o(.text)
    TIM_ClearFlag                            0x080025b9   Thumb Code     6  stm32f10x_tim.o(.text)
    TIM_GetITStatus                          0x080025bf   Thumb Code    34  stm32f10x_tim.o(.text)
    TIM_ClearITPendingBit                    0x080025e1   Thumb Code     6  stm32f10x_tim.o(.text)
    SystemInit                               0x080026c7   Thumb Code    78  system_stm32f10x.o(.text)
    SystemCoreClockUpdate                    0x08002715   Thumb Code   142  system_stm32f10x.o(.text)
    delay_init                               0x080027c9   Thumb Code    50  delay.o(.text)
    delay_us                                 0x080027fb   Thumb Code    72  delay.o(.text)
    delay_ms                                 0x08002843   Thumb Code    72  delay.o(.text)
    uart_init                                0x0800289d   Thumb Code   158  usart.o(.text)
    USART1_IRQHandler                        0x0800293b   Thumb Code   122  usart.o(.text)
    TIM4_Set                                 0x080029c5   Thumb Code    34  usart2.o(.text)
    USART2_IRQHandler                        0x080029e7   Thumb Code    82  usart2.o(.text)
    TIM4_Init                                0x08002a39   Thumb Code    82  usart2.o(.text)
    UART_DMA_Config                          0x08002a8b   Thumb Code    72  usart2.o(.text)
    USART2_Init                              0x08002ad3   Thumb Code   218  usart2.o(.text)
    TIM4_IRQHandler                          0x08002bad   Thumb Code    40  usart2.o(.text)
    UART_DMA_Enable                          0x08002bd5   Thumb Code    32  usart2.o(.text)
    u2_printf                                0x08002bf5   Thumb Code    56  usart2.o(.text)
    Reset_Handler                            0x08002c49   Thumb Code     8  startup_stm32f10x_hd.o(.text)
    NMI_Handler                              0x08002c51   Thumb Code     2  startup_stm32f10x_hd.o(.text)
    HardFault_Handler                        0x08002c53   Thumb Code     2  startup_stm32f10x_hd.o(.text)
    MemManage_Handler                        0x08002c55   Thumb Code     2  startup_stm32f10x_hd.o(.text)
    BusFault_Handler                         0x08002c57   Thumb Code     2  startup_stm32f10x_hd.o(.text)
    UsageFault_Handler                       0x08002c59   Thumb Code     2  startup_stm32f10x_hd.o(.text)
    SVC_Handler                              0x08002c5b   Thumb Code     2  startup_stm32f10x_hd.o(.text)
    DebugMon_Handler                         0x08002c5d   Thumb Code     2  startup_stm32f10x_hd.o(.text)
    PendSV_Handler                           0x08002c5f   Thumb Code     2  startup_stm32f10x_hd.o(.text)
    SysTick_Handler                          0x08002c61   Thumb Code     2  startup_stm32f10x_hd.o(.text)
    ADC1_2_IRQHandler                        0x08002c63   Thumb Code     0  startup_stm32f10x_hd.o(.text)
    ADC3_IRQHandler                          0x08002c63   Thumb Code     0  startup_stm32f10x_hd.o(.text)
    CAN1_RX1_IRQHandler                      0x08002c63   Thumb Code     0  startup_stm32f10x_hd.o(.text)
    CAN1_SCE_IRQHandler                      0x08002c63   Thumb Code     0  startup_stm32f10x_hd.o(.text)
    DMA1_Channel1_IRQHandler                 0x08002c63   Thumb Code     0  startup_stm32f10x_hd.o(.text)
    DMA1_Channel2_IRQHandler                 0x08002c63   Thumb Code     0  startup_stm32f10x_hd.o(.text)
    DMA1_Channel3_IRQHandler                 0x08002c63   Thumb Code     0  startup_stm32f10x_hd.o(.text)
    DMA1_Channel4_IRQHandler                 0x08002c63   Thumb Code     0  startup_stm32f10x_hd.o(.text)
    DMA1_Channel5_IRQHandler                 0x08002c63   Thumb Code     0  startup_stm32f10x_hd.o(.text)
    DMA1_Channel6_IRQHandler                 0x08002c63   Thumb Code     0  startup_stm32f10x_hd.o(.text)
    DMA1_Channel7_IRQHandler                 0x08002c63   Thumb Code     0  startup_stm32f10x_hd.o(.text)
    DMA2_Channel1_IRQHandler                 0x08002c63   Thumb Code     0  startup_stm32f10x_hd.o(.text)
    DMA2_Channel2_IRQHandler                 0x08002c63   Thumb Code     0  startup_stm32f10x_hd.o(.text)
    DMA2_Channel3_IRQHandler                 0x08002c63   Thumb Code     0  startup_stm32f10x_hd.o(.text)
    DMA2_Channel4_5_IRQHandler               0x08002c63   Thumb Code     0  startup_stm32f10x_hd.o(.text)
    EXTI0_IRQHandler                         0x08002c63   Thumb Code     0  startup_stm32f10x_hd.o(.text)
    EXTI15_10_IRQHandler                     0x08002c63   Thumb Code     0  startup_stm32f10x_hd.o(.text)
    EXTI4_IRQHandler                         0x08002c63   Thumb Code     0  startup_stm32f10x_hd.o(.text)
    FLASH_IRQHandler                         0x08002c63   Thumb Code     0  startup_stm32f10x_hd.o(.text)
    FSMC_IRQHandler                          0x08002c63   Thumb Code     0  startup_stm32f10x_hd.o(.text)
    I2C1_ER_IRQHandler                       0x08002c63   Thumb Code     0  startup_stm32f10x_hd.o(.text)
    I2C1_EV_IRQHandler                       0x08002c63   Thumb Code     0  startup_stm32f10x_hd.o(.text)
    I2C2_ER_IRQHandler                       0x08002c63   Thumb Code     0  startup_stm32f10x_hd.o(.text)
    I2C2_EV_IRQHandler                       0x08002c63   Thumb Code     0  startup_stm32f10x_hd.o(.text)
    PVD_IRQHandler                           0x08002c63   Thumb Code     0  startup_stm32f10x_hd.o(.text)
    RCC_IRQHandler                           0x08002c63   Thumb Code     0  startup_stm32f10x_hd.o(.text)
    RTCAlarm_IRQHandler                      0x08002c63   Thumb Code     0  startup_stm32f10x_hd.o(.text)
    RTC_IRQHandler                           0x08002c63   Thumb Code     0  startup_stm32f10x_hd.o(.text)
    SDIO_IRQHandler                          0x08002c63   Thumb Code     0  startup_stm32f10x_hd.o(.text)
    SPI1_IRQHandler                          0x08002c63   Thumb Code     0  startup_stm32f10x_hd.o(.text)
    SPI2_IRQHandler                          0x08002c63   Thumb Code     0  startup_stm32f10x_hd.o(.text)
    SPI3_IRQHandler                          0x08002c63   Thumb Code     0  startup_stm32f10x_hd.o(.text)
    TAMPER_IRQHandler                        0x08002c63   Thumb Code     0  startup_stm32f10x_hd.o(.text)
    TIM1_BRK_IRQHandler                      0x08002c63   Thumb Code     0  startup_stm32f10x_hd.o(.text)
    TIM1_CC_IRQHandler                       0x08002c63   Thumb Code     0  startup_stm32f10x_hd.o(.text)
    TIM1_TRG_COM_IRQHandler                  0x08002c63   Thumb Code     0  startup_stm32f10x_hd.o(.text)
    TIM1_UP_IRQHandler                       0x08002c63   Thumb Code     0  startup_stm32f10x_hd.o(.text)
    TIM2_IRQHandler                          0x08002c63   Thumb Code     0  startup_stm32f10x_hd.o(.text)
    TIM5_IRQHandler                          0x08002c63   Thumb Code     0  startup_stm32f10x_hd.o(.text)
    TIM6_IRQHandler                          0x08002c63   Thumb Code     0  startup_stm32f10x_hd.o(.text)
    TIM7_IRQHandler                          0x08002c63   Thumb Code     0  startup_stm32f10x_hd.o(.text)
    TIM8_BRK_IRQHandler                      0x08002c63   Thumb Code     0  startup_stm32f10x_hd.o(.text)
    TIM8_CC_IRQHandler                       0x08002c63   Thumb Code     0  startup_stm32f10x_hd.o(.text)
    TIM8_TRG_COM_IRQHandler                  0x08002c63   Thumb Code     0  startup_stm32f10x_hd.o(.text)
    TIM8_UP_IRQHandler                       0x08002c63   Thumb Code     0  startup_stm32f10x_hd.o(.text)
    UART4_IRQHandler                         0x08002c63   Thumb Code     0  startup_stm32f10x_hd.o(.text)
    UART5_IRQHandler                         0x08002c63   Thumb Code     0  startup_stm32f10x_hd.o(.text)
    USART3_IRQHandler                        0x08002c63   Thumb Code     0  startup_stm32f10x_hd.o(.text)
    USBWakeUp_IRQHandler                     0x08002c63   Thumb Code     0  startup_stm32f10x_hd.o(.text)
    USB_HP_CAN1_TX_IRQHandler                0x08002c63   Thumb Code     0  startup_stm32f10x_hd.o(.text)
    USB_LP_CAN1_RX0_IRQHandler               0x08002c63   Thumb Code     0  startup_stm32f10x_hd.o(.text)
    WWDG_IRQHandler                          0x08002c63   Thumb Code     0  startup_stm32f10x_hd.o(.text)
    strlen                                   0x08002c6d   Thumb Code    14  strlen.o(.text)
    __aeabi_fadd                             0x08002c7b   Thumb Code   164  fadd.o(.text)
    __aeabi_fsub                             0x08002d1f   Thumb Code     6  fadd.o(.text)
    __aeabi_frsub                            0x08002d25   Thumb Code     6  fadd.o(.text)
    __aeabi_fdiv                             0x08002d2b   Thumb Code   124  fdiv.o(.text)
    __aeabi_i2f                              0x08002da7   Thumb Code    18  fflti.o(.text)
    __aeabi_ui2f                             0x08002db9   Thumb Code    10  ffltui.o(.text)
    __aeabi_f2iz                             0x08002dc3   Thumb Code    50  ffixi.o(.text)
    __aeabi_f2d                              0x08002df5   Thumb Code    38  f2d.o(.text)
    __aeabi_cfcmpeq                          0x08002e1d   Thumb Code     0  cfcmple.o(.text)
    __aeabi_cfcmple                          0x08002e1d   Thumb Code    20  cfcmple.o(.text)
    __aeabi_uidiv                            0x08002e31   Thumb Code     0  uidiv.o(.text)
    __aeabi_uidivmod                         0x08002e31   Thumb Code    44  uidiv.o(.text)
    __aeabi_uldivmod                         0x08002e5d   Thumb Code    98  uldiv.o(.text)
    __I$use$fp                               0x08002ebf   Thumb Code     0  iusefp.o(.text)
    _float_round                             0x08002ebf   Thumb Code    18  fepilogue.o(.text)
    _float_epilogue                          0x08002ed1   Thumb Code    92  fepilogue.o(.text)
    __aeabi_dadd                             0x08002f2d   Thumb Code   322  dadd.o(.text)
    __aeabi_dsub                             0x0800306f   Thumb Code     6  dadd.o(.text)
    __aeabi_drsub                            0x08003075   Thumb Code     6  dadd.o(.text)
    __aeabi_dmul                             0x0800307b   Thumb Code   228  dmul.o(.text)
    __aeabi_ddiv                             0x0800315f   Thumb Code   222  ddiv.o(.text)
    __aeabi_d2ulz                            0x0800323d   Thumb Code    48  dfixul.o(.text)
    __aeabi_cdrcmple                         0x0800326d   Thumb Code    48  cdrcmple.o(.text)
    __scatterload                            0x0800329d   Thumb Code    28  init.o(.text)
    __scatterload_rt2                        0x0800329d   Thumb Code     0  init.o(.text)
    __aeabi_llsl                             0x080032c1   Thumb Code    30  llshl.o(.text)
    _ll_shift_l                              0x080032c1   Thumb Code     0  llshl.o(.text)
    __aeabi_llsr                             0x080032df   Thumb Code    32  llushr.o(.text)
    _ll_ushift_r                             0x080032df   Thumb Code     0  llushr.o(.text)
    __aeabi_lasr                             0x080032ff   Thumb Code    36  llsshr.o(.text)
    _ll_sshift_r                             0x080032ff   Thumb Code     0  llsshr.o(.text)
    _double_round                            0x08003323   Thumb Code    30  depilogue.o(.text)
    _double_epilogue                         0x08003341   Thumb Code   156  depilogue.o(.text)
    __0printf$1                              0x080033dd   Thumb Code    22  printf1.o(i.__0printf$1)
    __1printf$1                              0x080033dd   Thumb Code     0  printf1.o(i.__0printf$1)
    __2printf                                0x080033dd   Thumb Code     0  printf1.o(i.__0printf$1)
    __0vsprintf                              0x080033fd   Thumb Code    30  printfa.o(i.__0vsprintf)
    __1vsprintf                              0x080033fd   Thumb Code     0  printfa.o(i.__0vsprintf)
    __2vsprintf                              0x080033fd   Thumb Code     0  printfa.o(i.__0vsprintf)
    __c89vsprintf                            0x080033fd   Thumb Code     0  printfa.o(i.__0vsprintf)
    vsprintf                                 0x080033fd   Thumb Code     0  printfa.o(i.__0vsprintf)
    __scatterload_copy                       0x08003421   Thumb Code    14  handlers.o(i.__scatterload_copy)
    __scatterload_null                       0x0800342f   Thumb Code     2  handlers.o(i.__scatterload_null)
    __scatterload_zeroinit                   0x08003431   Thumb Code    14  handlers.o(i.__scatterload_zeroinit)
    Region$$Table$$Base                      0x08003e48   Number         0  anon$$obj.o(Region$$Table)
    Region$$Table$$Limit                     0x08003e68   Number         0  anon$$obj.o(Region$$Table)
    Flag_Error                               0x20000000   Data           1  hx711.o(.data)
    PIN_SCK                                  0x20000004   Data          12  hx711.o(.data)
    PIN_DOUT                                 0x20000010   Data          12  hx711.o(.data)
    GapValue                                 0x2000001c   Data          12  hx711.o(.data)
    SystemCoreClock                          0x2000003c   Data           4  system_stm32f10x.o(.data)
    AHBPrescTable                            0x20000040   Data          16  system_stm32f10x.o(.data)
    USART_RX_STA                             0x20000054   Data           2  usart.o(.data)
    USART2_RX_STA                            0x20000056   Data           2  usart2.o(.data)
    __stdout                                 0x20000058   Data           4  stdout.o(.data)
    SENSOR_Buffer                            0x2000005c   Data          12  hx711.o(.bss)
    Weight_Maopi                             0x20000068   Data          12  hx711.o(.bss)
    Weight_Shiwu                             0x20000074   Data          12  hx711.o(.bss)
    USART_RX_BUF                             0x20000080   Data         200  usart.o(.bss)
    USART2_TX_BUF                            0x20000148   Data         200  usart2.o(.bss)
    USART2_RX_BUF                            0x20000210   Data         200  usart2.o(.bss)
    __initial_sp                             0x200006d8   Data           0  startup_stm32f10x_hd.o(STACK)



==============================================================================

Memory Map of the image

  Image Entry point : 0x08000131

  Load Region LR_IROM1 (Base: 0x08000000, Size: 0x00003ec4, Max: 0x00010000, ABSOLUTE)

    Execution Region ER_IROM1 (Base: 0x08000000, Size: 0x00003e68, Max: 0x00010000, ABSOLUTE)

    Base Addr    Size         Type   Attr      Idx    E Section Name        Object

    0x08000000   0x00000130   Data   RO          372    RESET               startup_stm32f10x_hd.o
    0x08000130   0x00000000   Code   RO          388  * .ARM.Collect$$$$00000000  mc_w.l(entry.o)
    0x08000130   0x00000004   Code   RO          668    .ARM.Collect$$$$00000001  mc_w.l(entry2.o)
    0x08000134   0x00000004   Code   RO          671    .ARM.Collect$$$$00000004  mc_w.l(entry5.o)
    0x08000138   0x00000000   Code   RO          673    .ARM.Collect$$$$00000008  mc_w.l(entry7b.o)
    0x08000138   0x00000000   Code   RO          675    .ARM.Collect$$$$0000000A  mc_w.l(entry8b.o)
    0x08000138   0x00000008   Code   RO          676    .ARM.Collect$$$$0000000B  mc_w.l(entry9a.o)
    0x08000140   0x00000000   Code   RO          678    .ARM.Collect$$$$0000000D  mc_w.l(entry10a.o)
    0x08000140   0x00000000   Code   RO          680    .ARM.Collect$$$$0000000F  mc_w.l(entry11a.o)
    0x08000140   0x00000004   Code   RO          669    .ARM.Collect$$$$00002712  mc_w.l(entry2.o)
    0x08000144   0x00000360   Code   RO            1    .text               main.o
    0x080004a4   0x00000278   Code   RO          102    .text               bt05.o
    0x0800071c   0x0000000a   Code   RO          114    .text               stm32f10x_it.o
    0x08000726   0x00000002   PAD
    0x08000728   0x00000024   Code   RO          123    .text               mydefine.o
    0x0800074c   0x000001c0   Code   RO          139    .text               hx711.o
    0x0800090c   0x00000088   Code   RO          158    .text               filter.o
    0x08000994   0x0000035c   Code   RO          170    .text               stm32f10x_gpio.o
    0x08000cf0   0x000003a4   Code   RO          182    .text               stm32f10x_rcc.o
    0x08001094   0x000000dc   Code   RO          196    .text               misc.o
    0x08001170   0x00000408   Code   RO          220    .text               stm32f10x_usart.o
    0x08001578   0x00000254   Code   RO          244    .text               stm32f10x_dma.o
    0x080017cc   0x00000e1a   Code   RO          256    .text               stm32f10x_tim.o
    0x080025e6   0x00000002   PAD
    0x080025e8   0x000001e0   Code   RO          268    .text               system_stm32f10x.o
    0x080027c8   0x000000d4   Code   RO          299    .text               delay.o
    0x0800289c   0x00000128   Code   RO          325    .text               usart.o
    0x080029c4   0x00000284   Code   RO          344    .text               usart2.o
    0x08002c48   0x00000024   Code   RO          373    .text               startup_stm32f10x_hd.o
    0x08002c6c   0x0000000e   Code   RO          391    .text               mc_w.l(strlen.o)
    0x08002c7a   0x000000b0   Code   RO          654    .text               mf_w.l(fadd.o)
    0x08002d2a   0x0000007c   Code   RO          656    .text               mf_w.l(fdiv.o)
    0x08002da6   0x00000012   Code   RO          658    .text               mf_w.l(fflti.o)
    0x08002db8   0x0000000a   Code   RO          660    .text               mf_w.l(ffltui.o)
    0x08002dc2   0x00000032   Code   RO          662    .text               mf_w.l(ffixi.o)
    0x08002df4   0x00000026   Code   RO          664    .text               mf_w.l(f2d.o)
    0x08002e1a   0x00000002   PAD
    0x08002e1c   0x00000014   Code   RO          666    .text               mf_w.l(cfcmple.o)
    0x08002e30   0x0000002c   Code   RO          683    .text               mc_w.l(uidiv.o)
    0x08002e5c   0x00000062   Code   RO          685    .text               mc_w.l(uldiv.o)
    0x08002ebe   0x00000000   Code   RO          687    .text               mc_w.l(iusefp.o)
    0x08002ebe   0x0000006e   Code   RO          688    .text               mf_w.l(fepilogue.o)
    0x08002f2c   0x0000014e   Code   RO          690    .text               mf_w.l(dadd.o)
    0x0800307a   0x000000e4   Code   RO          692    .text               mf_w.l(dmul.o)
    0x0800315e   0x000000de   Code   RO          694    .text               mf_w.l(ddiv.o)
    0x0800323c   0x00000030   Code   RO          696    .text               mf_w.l(dfixul.o)
    0x0800326c   0x00000030   Code   RO          698    .text               mf_w.l(cdrcmple.o)
    0x0800329c   0x00000024   Code   RO          700    .text               mc_w.l(init.o)
    0x080032c0   0x0000001e   Code   RO          702    .text               mc_w.l(llshl.o)
    0x080032de   0x00000020   Code   RO          704    .text               mc_w.l(llushr.o)
    0x080032fe   0x00000024   Code   RO          706    .text               mc_w.l(llsshr.o)
    0x08003322   0x000000ba   Code   RO          708    .text               mf_w.l(depilogue.o)
    0x080033dc   0x00000020   Code   RO          438    i.__0printf$1       mc_w.l(printf1.o)
    0x080033fc   0x00000024   Code   RO          632    i.__0vsprintf       mc_w.l(printfa.o)
    0x08003420   0x0000000e   Code   RO          712    i.__scatterload_copy  mc_w.l(handlers.o)
    0x0800342e   0x00000002   Code   RO          713    i.__scatterload_null  mc_w.l(handlers.o)
    0x08003430   0x0000000e   Code   RO          714    i.__scatterload_zeroinit  mc_w.l(handlers.o)
    0x0800343e   0x00000002   PAD
    0x08003440   0x00000164   Code   RO          633    i._fp_digits        mc_w.l(printfa.o)
    0x080035a4   0x00000154   Code   RO          445    i._printf_core      mc_w.l(printf1.o)
    0x080036f8   0x000006dc   Code   RO          634    i._printf_core      mc_w.l(printfa.o)
    0x08003dd4   0x00000024   Code   RO          635    i._printf_post_padding  mc_w.l(printfa.o)
    0x08003df8   0x0000002e   Code   RO          636    i._printf_pre_padding  mc_w.l(printfa.o)
    0x08003e26   0x0000000a   Code   RO          638    i._sputc            mc_w.l(printfa.o)
    0x08003e30   0x00000018   Data   RO            2    .constdata          main.o
    0x08003e48   0x00000020   Data   RO          710    Region$$Table       anon$$obj.o


    Execution Region RW_IRAM1 (Base: 0x20000000, Size: 0x000006d8, Max: 0x00005000, ABSOLUTE)

    Base Addr    Size         Type   Attr      Idx    E Section Name        Object

    0x20000000   0x00000028   Data   RW          141    .data               hx711.o
    0x20000028   0x00000014   Data   RW          183    .data               stm32f10x_rcc.o
    0x2000003c   0x00000014   Data   RW          269    .data               system_stm32f10x.o
    0x20000050   0x00000004   Data   RW          300    .data               delay.o
    0x20000054   0x00000002   Data   RW          327    .data               usart.o
    0x20000056   0x00000002   Data   RW          346    .data               usart2.o
    0x20000058   0x00000004   Data   RW          682    .data               mc_w.l(stdout.o)
    0x2000005c   0x00000024   Zero   RW          140    .bss                hx711.o
    0x20000080   0x000000c8   Zero   RW          326    .bss                usart.o
    0x20000148   0x00000190   Zero   RW          345    .bss                usart2.o
    0x200002d8   0x00000400   Zero   RW          370    STACK               startup_stm32f10x_hd.o


==============================================================================

Image component sizes


      Code (inc. data)   RO Data    RW Data    ZI Data      Debug   Object Name

       632         94          0          0          0       1842   bt05.o
       212         18          0          4          0        971   delay.o
       136          0          0          0          0        989   filter.o
       448         30          0         40         36       2048   hx711.o
       864        118         24          0          0     262739   main.o
       220         22          0          0          0       1685   misc.o
        36          4          0          0          0       1732   mydefine.o
        36          8        304          0       1024        800   startup_stm32f10x_hd.o
       596          8          0          0          0       4214   stm32f10x_dma.o
       860         38          0          0          0       5533   stm32f10x_gpio.o
        10          0          0          0          0        780   stm32f10x_it.o
       932         36          0         20          0       8676   stm32f10x_rcc.o
      3610         88          0          0          0      22020   stm32f10x_tim.o
      1032         22          0          0          0       8256   stm32f10x_usart.o
       480         38          0         20          0       1723   system_stm32f10x.o
       296         16          0          2        200       1446   usart.o
       644         28          0          2        400       3413   usart2.o

    ----------------------------------------------------------------------
     11048        568        360         88       1660     328867   Object Totals
         0          0         32          0          0          0   (incl. Generated)
         4          0          0          0          0          0   (incl. Padding)

    ----------------------------------------------------------------------

      Code (inc. data)   RO Data    RW Data    ZI Data      Debug   Library Member Name

         0          0          0          0          0          0   entry.o
         0          0          0          0          0          0   entry10a.o
         0          0          0          0          0          0   entry11a.o
         8          4          0          0          0          0   entry2.o
         4          0          0          0          0          0   entry5.o
         0          0          0          0          0          0   entry7b.o
         0          0          0          0          0          0   entry8b.o
         8          4          0          0          0          0   entry9a.o
        30          0          0          0          0          0   handlers.o
        36          8          0          0          0         68   init.o
         0          0          0          0          0          0   iusefp.o
        30          0          0          0          0         68   llshl.o
        36          0          0          0          0         68   llsshr.o
        32          0          0          0          0         68   llushr.o
       372         14          0          0          0        184   printf1.o
      2240         86          0          0          0        508   printfa.o
         0          0          0          4          0          0   stdout.o
        14          0          0          0          0         68   strlen.o
        44          0          0          0          0         80   uidiv.o
        98          0          0          0          0         92   uldiv.o
        48          0          0          0          0         68   cdrcmple.o
        20          0          0          0          0         68   cfcmple.o
       334          0          0          0          0        148   dadd.o
       222          0          0          0          0        100   ddiv.o
       186          0          0          0          0        176   depilogue.o
        48          0          0          0          0         68   dfixul.o
       228          0          0          0          0         96   dmul.o
        38          0          0          0          0         68   f2d.o
       176          0          0          0          0        140   fadd.o
       124          0          0          0          0         88   fdiv.o
       110          0          0          0          0        168   fepilogue.o
        50          0          0          0          0         68   ffixi.o
        18          0          0          0          0         68   fflti.o
        10          0          0          0          0         68   ffltui.o

    ----------------------------------------------------------------------
      4568        116          0          4          0       2596   Library Totals
         4          0          0          0          0          0   (incl. Padding)

    ----------------------------------------------------------------------

      Code (inc. data)   RO Data    RW Data    ZI Data      Debug   Library Name

      2952        116          0          4          0       1204   mc_w.l
      1612          0          0          0          0       1392   mf_w.l

    ----------------------------------------------------------------------
      4568        116          0          4          0       2596   Library Totals

    ----------------------------------------------------------------------

==============================================================================


      Code (inc. data)   RO Data    RW Data    ZI Data      Debug   

     15616        684        360         92       1660     329015   Grand Totals
     15616        684        360         92       1660     329015   ELF Image Totals
     15616        684        360         92          0          0   ROM Totals

==============================================================================

    Total RO  Size (Code + RO Data)                15976 (  15.60kB)
    Total RW  Size (RW Data + ZI Data)              1752 (   1.71kB)
    Total ROM Size (Code + RO Data + RW Data)      16068 (  15.69kB)

==============================================================================

